<html>
<body>
<pre>
<h1>礦ision Build Log</h1>
<h2>Project:</h2>
F:\项目文档\arm教材\教材编写\教材\STM32F107_Template\project\template.uvproj
Project File Date:  05/18/2012

<h2>Output:</h2>
Build target 'template'
compiling main.c...
assembling startup_stm32f10x_cl.s...
compiling stm32f10x_it.c...
compiling system_stm32f10x.c...
compiling stm32f10x_rcc.c...
linking...
Program Size: Code=1056 RO-data=368 RW-data=20 ZI-data=1636  
FromELF: creating hex file...
".\output\template.axf" - 0 Error(s), 0 Warning(s).
