Product: MDK-ARM Standard 5.10
Component: ARM Compiler 5.04 update 1 (build 49)
Tool: armlink [5040049]

==============================================================================

Section Cross References

    main.o(.text) refers to gpio.o(.text) for LED_Init
    main.o(.text) refers to dma.o(.text) for GPIO_DMA_Config
    main.o(.text) refers to pwm.o(.text) for TIM3_PWM_Init
    main.o(.text) refers to stm32f10x_usart.o(.text) for USART_DMACmd
    main.o(.text) refers to stm32f10x_dma.o(.text) for DMA_Cmd
    main.o(.text) refers to delay.o(.text) for delay_ms
    main.o(.text) refers to stm32f10x_tim.o(.text) for TIM_SetCompare1
    main.o(.text) refers to armcontrol.o(.text) for joints_settle_data
    main.o(.text) refers to main.o(.bss) for dma_buffer
    startup_stm32f10x_md.o(STACK) refers (Special) to heapauxi.o(.text) for __use_two_region_memory
    startup_stm32f10x_md.o(HEAP) refers (Special) to heapauxi.o(.text) for __use_two_region_memory
    startup_stm32f10x_md.o(RESET) refers (Special) to heapauxi.o(.text) for __use_two_region_memory
    startup_stm32f10x_md.o(RESET) refers to startup_stm32f10x_md.o(STACK) for __initial_sp
    startup_stm32f10x_md.o(RESET) refers to startup_stm32f10x_md.o(.text) for Reset_Handler
    startup_stm32f10x_md.o(RESET) refers to stm32f10x_it.o(.text) for NMI_Handler
    startup_stm32f10x_md.o(RESET) refers to os_cpu_a.o(.text) for OS_CPU_PendSVHandler
    startup_stm32f10x_md.o(RESET) refers to os_cpu_c.o(.text) for OS_CPU_SysTickHandler
    startup_stm32f10x_md.o(.text) refers (Special) to heapauxi.o(.text) for __use_two_region_memory
    startup_stm32f10x_md.o(.text) refers to system_stm32f10x.o(.text) for SystemInit
    startup_stm32f10x_md.o(.text) refers to __main.o(!!!main) for __main
    startup_stm32f10x_md.o(.text) refers to startup_stm32f10x_md.o(HEAP) for Heap_Mem
    startup_stm32f10x_md.o(.text) refers to startup_stm32f10x_md.o(STACK) for Stack_Mem
    stm32f10x_it.o(.text) refers to os_cpu_a.o(.text) for OS_CPU_SR_Save
    stm32f10x_it.o(.text) refers to os_core.o(.text) for OSTimeTick
    stm32f10x_it.o(.text) refers to stm32f10x_usart.o(.text) for USART_GetFlagStatus
    stm32f10x_it.o(.text) refers to os_core.o(.data) for OSIntNesting
    system_stm32f10x.o(.text) refers to system_stm32f10x.o(.data) for SystemCoreClock
    stm32f10x_rcc.o(.text) refers to stm32f10x_rcc.o(.data) for APBAHBPrescTable
    stm32f10x_gpio.o(.text) refers to stm32f10x_rcc.o(.text) for RCC_APB2PeriphResetCmd
    stm32f10x_adc.o(.text) refers to stm32f10x_rcc.o(.text) for RCC_APB2PeriphResetCmd
    stm32f10x_usart.o(.text) refers to stm32f10x_rcc.o(.text) for RCC_APB2PeriphResetCmd
    stm32f10x_tim.o(.text) refers to stm32f10x_rcc.o(.text) for RCC_APB2PeriphResetCmd
    gpio.o(.text) refers to stm32f10x_rcc.o(.text) for RCC_APB2PeriphClockCmd
    gpio.o(.text) refers to stm32f10x_gpio.o(.text) for GPIO_Init
    key.o(.text) refers to stm32f10x_rcc.o(.text) for RCC_APB2PeriphClockCmd
    key.o(.text) refers to stm32f10x_gpio.o(.text) for GPIO_Init
    key.o(.text) refers to key.o(.data) for key_up
    usart.o(.text) refers to stm32f10x_rcc.o(.text) for RCC_APB2PeriphClockCmd
    usart.o(.text) refers to stm32f10x_gpio.o(.text) for GPIO_PinRemapConfig
    usart.o(.text) refers to stm32f10x_usart.o(.text) for USART_Init
    pwm.o(.text) refers to stm32f10x_rcc.o(.text) for RCC_APB1PeriphClockCmd
    pwm.o(.text) refers to stm32f10x_gpio.o(.text) for GPIO_Init
    pwm.o(.text) refers to stm32f10x_tim.o(.text) for TIM_TimeBaseInit
    armcontrol.o(.text) refers to gpio.o(.text) for LED_ON
    armcontrol.o(.text) refers to pwm.o(.text) for joint6_set_PWM
    armcontrol.o(.text) refers to delay.o(.text) for delay_ms
    armcontrol.o(.text) refers to armcontrol.o(.bss) for old_angle
    armcontrol.o(.text) refers to armcontrol.o(.data) for base_ms
    dma.o(.text) refers to stm32f10x_rcc.o(.text) for RCC_APB2PeriphClockCmd
    dma.o(.text) refers to stm32f10x_gpio.o(.text) for GPIO_Init
    dma.o(.text) refers to stm32f10x_usart.o(.text) for USART_Init
    dma.o(.text) refers to stm32f10x_dma.o(.text) for DMA_Init
    ucosii_task.o(.text) refers to gpio.o(.text) for LED_Init
    ucosii_task.o(.text) refers to delay.o(.text) for delay_ms
    ucosii_task.o(.text) refers to os_task.o(.text) for OSTaskCreate
    ucosii_task.o(.text) refers to ucosii_task.o(.bss) for changejoint1_task_stk
    os_core.o(.text) refers to os_cpu_a.o(.text) for OS_CPU_SR_Save
    os_core.o(.text) refers to os_core.o(.data) for OSIntNesting
    os_core.o(.text) refers to os_core.o(.constdata) for OSUnMapTbl
    os_core.o(.text) refers to os_core.o(.bss) for OSTCBPrioTbl
    os_core.o(.text) refers to os_task.o(.text) for OSTaskStkChk
    os_core.o(.text) refers to os_time.o(.text) for OSTimeDly
    os_core.o(.text) refers to os_cpu_c.o(.text) for OSTaskStatHook
    os_core.o(.text) refers to os_flag.o(.text) for OS_FlagInit
    os_core.o(.text) refers to os_mem.o(.text) for OS_MemInit
[...]
    libshutdown.o(.ARM.Collect$$libshutdown$$00000000) refers (Special) to libshutdown2.o(.ARM.Collect$$libshutdown$$00000003) for __rt_lib_shutdown_stdio_1
    libshutdown.o(.ARM.Collect$$libshutdown$$00000000) refers (Special) to libshutdown2.o(.ARM.Collect$$libshutdown$$0000000B) for __rt_lib_shutdown_user_alloc_1
    sys_command.o(.text) refers (Special) to use_no_semi.o(.text) for __I$use$semihosting
    sys_command.o(.text) refers (Special) to indicate_semi.o(.text) for __semihosting_library_function
    defsig_rtmem_outer.o(.text) refers to defsig_rtmem_inner.o(.text) for __rt_SIGRTMEM_inner
    defsig_rtmem_outer.o(.text) refers to defsig_exit.o(.text) for __sig_exit
    defsig_rtmem_formal.o(.text) refers to rt_raise.o(.text) for __rt_raise
    rt_raise.o(.text) refers to __raise.o(.text) for __raise
    rt_raise.o(.text) refers to sys_exit.o(.text) for _sys_exit
    defsig_exit.o(.text) refers to sys_exit.o(.text) for _sys_exit
    defsig_rtmem_inner.o(.text) refers to defsig_general.o(.text) for __default_signal_display
    __raise.o(.text) refers to defsig.o(CL$$defsig) for __default_signal_handler
    defsig_general.o(.text) refers to sys_wrch.o(.text) for _ttywrch
    sys_wrch.o(.text) refers (Special) to use_no_semi.o(.text) for __I$use$semihosting
    sys_wrch.o(.text) refers (Special) to indicate_semi.o(.text) for __semihosting_library_function
    defsig.o(CL$$defsig) refers to defsig_rtmem_inner.o(.text) for __rt_SIGRTMEM_inner
    defsig_abrt_inner.o(.text) refers to defsig_general.o(.text) for __default_signal_display
    defsig_fpe_inner.o(.text) refers to defsig_general.o(.text) for __default_signal_display
    defsig_rtred_inner.o(.text) refers to defsig_general.o(.text) for __default_signal_display
    defsig_stak_inner.o(.text) refers to defsig_general.o(.text) for __default_signal_display
    defsig_pvfn_inner.o(.text) refers to defsig_general.o(.text) for __default_signal_display
    defsig_cppl_inner.o(.text) refers to defsig_general.o(.text) for __default_signal_display
    defsig_segv_inner.o(.text) refers to defsig_general.o(.text) for __default_signal_display
    defsig_other.o(.text) refers to defsig_general.o(.text) for __default_signal_display


==============================================================================

Removing Unused input sections from the image.

    Removing stm32f10x_adc.o(.text), (1102 bytes).
    Removing misc.o(.text), (220 bytes).
    Removing key.o(.text), (120 bytes).
    Removing key.o(.data), (1 bytes).
    Removing usart.o(.text), (224 bytes).
    Removing ucosii_task.o(.text), (316 bytes).
    Removing ucosii_task.o(.bss), (8192 bytes).
    Removing ucosii_task.o(.data), (42 bytes).
    Removing os_mbox.o(.text), (1102 bytes).
    Removing os_mutex.o(.text), (1648 bytes).

10 unused section(s) (total 12967 bytes) removed from the image.

==============================================================================

Image Symbol Table

    Local Symbols

    Symbol Name                              Value     Ov Type        Size  Object(Section)

    ../clib/angel/boardlib.s                 0x00000000   Number         0  boardinit2.o ABSOLUTE
    ../clib/angel/boardlib.s                 0x00000000   Number         0  boardinit3.o ABSOLUTE
    ../clib/angel/boardlib.s                 0x00000000   Number         0  boardinit1.o ABSOLUTE
    ../clib/angel/boardlib.s                 0x00000000   Number         0  boardshut.o ABSOLUTE
    ../clib/angel/handlers.s                 0x00000000   Number         0  __scatter_zi.o ABSOLUTE
    ../clib/angel/handlers.s                 0x00000000   Number         0  __scatter_copy.o ABSOLUTE
    ../clib/angel/kernel.s                   0x00000000   Number         0  rtentry2.o ABSOLUTE
    ../clib/angel/kernel.s                   0x00000000   Number         0  rtexit2.o ABSOLUTE
    ../clib/angel/kernel.s                   0x00000000   Number         0  rtexit.o ABSOLUTE
    ../clib/angel/kernel.s                   0x00000000   Number         0  rtentry.o ABSOLUTE
    ../clib/angel/kernel.s                   0x00000000   Number         0  rtentry4.o ABSOLUTE
    ../clib/angel/rt.s                       0x00000000   Number         0  rt_raise.o ABSOLUTE
    ../clib/angel/scatter.s                  0x00000000   Number         0  __scatter.o ABSOLUTE
    ../clib/angel/startup.s                  0x00000000   Number         0  __main.o ABSOLUTE
    ../clib/angel/sys.s                      0x00000000   Number         0  libspace.o ABSOLUTE
    ../clib/angel/sys.s                      0x00000000   Number         0  sys_stackheap_outer.o ABSOLUTE
    ../clib/angel/sys.s                      0x00000000   Number         0  indicate_semi.o ABSOLUTE
    ../clib/angel/sys.s                      0x00000000   Number         0  use_no_semi.o ABSOLUTE
    ../clib/angel/sysapp.c                   0x00000000   Number         0  sys_wrch.o ABSOLUTE
    ../clib/angel/sysapp.c                   0x00000000   Number         0  sys_command.o ABSOLUTE
    ../clib/angel/sysapp.c                   0x00000000   Number         0  sys_exit.o ABSOLUTE
    ../clib/armsys.c                         0x00000000   Number         0  argv_veneer.o ABSOLUTE
    ../clib/armsys.c                         0x00000000   Number         0  argv_veneer.o ABSOLUTE
    ../clib/armsys.c                         0x00000000   Number         0  no_argv.o ABSOLUTE
    ../clib/armsys.c                         0x00000000   Number         0  _get_argv_nomalloc.o ABSOLUTE
    ../clib/heapalloc.c                      0x00000000   Number         0  hrguard.o ABSOLUTE
    ../clib/heapaux.c                        0x00000000   Number         0  heapauxi.o ABSOLUTE
    ../clib/libinit.s                        0x00000000   Number         0  libshutdown2.o ABSOLUTE
    ../clib/libinit.s                        0x00000000   Number         0  libinit.o ABSOLUTE
    ../clib/libinit.s                        0x00000000   Number         0  libinit2.o ABSOLUTE
    ../clib/libinit.s                        0x00000000   Number         0  libshutdown.o ABSOLUTE
    ../clib/signal.c                         0x00000000   Number         0  defsig_exit.o ABSOLUTE
    ../clib/signal.c                         0x00000000   Number         0  defsig_rtmem_inner.o ABSOLUTE
    ../clib/signal.c                         0x00000000   Number         0  defsig_other.o ABSOLUTE
    ../clib/signal.c                         0x00000000   Number         0  __raise.o ABSOLUTE
    ../clib/signal.c                         0x00000000   Number         0  defsig_cppl_inner.o ABSOLUTE
    ../clib/signal.c                         0x00000000   Number         0  defsig_general.o ABSOLUTE
    ../clib/signal.c                         0x00000000   Number         0  defsig_abrt_inner.o ABSOLUTE
    ../clib/signal.c                         0x00000000   Number         0  defsig_fpe_inner.o ABSOLUTE
    ../clib/signal.c                         0x00000000   Number         0  defsig_segv_inner.o ABSOLUTE
    ../clib/signal.c                         0x00000000   Number         0  defsig_rtred_inner.o ABSOLUTE
    ../clib/signal.c                         0x00000000   Number         0  defsig_stak_inner.o ABSOLUTE
    ../clib/signal.c                         0x00000000   Number         0  defsig_rtmem_formal.o ABSOLUTE
    ../clib/signal.c                         0x00000000   Number         0  defsig_pvfn_inner.o ABSOLUTE
    ../clib/signal.c                         0x00000000   Number         0  defsig_rtmem_outer.o ABSOLUTE
    ../clib/signal.s                         0x00000000   Number         0  defsig.o ABSOLUTE
    ../clib/stdlib.c                         0x00000000   Number         0  exit.o ABSOLUTE
    ../fplib/fpinit.s                        0x00000000   Number         0  fpinit.o ABSOLUTE
    ..\bsp\delay.c                           0x00000000   Number         0  delay.o ABSOLUTE
    ..\bsp\gpio.c                            0x00000000   Number         0  gpio.o ABSOLUTE
    ..\bsp\key.c                             0x00000000   Number         0  key.o ABSOLUTE
    ..\bsp\pwm.c                             0x00000000   Number         0  pwm.o ABSOLUTE
    ..\bsp\ucosii_task.c                     0x00000000   Number         0  ucosii_task.o ABSOLUTE
    ..\bsp\usart.c                           0x00000000   Number         0  usart.o ABSOLUTE
    ..\cmsis\startup_stm32f10x_md.s          0x00000000   Number         0  startup_stm32f10x_md.o ABSOLUTE
    ..\libraries\src\misc.c                  0x00000000   Number         0  misc.o ABSOLUTE
    ..\libraries\src\stm32f10x_adc.c         0x00000000   Number         0  stm32f10x_adc.o ABSOLUTE
    ..\libraries\src\stm32f10x_dma.c         0x00000000   Number         0  stm32f10x_dma.o ABSOLUTE
    ..\libraries\src\stm32f10x_gpio.c        0x00000000   Number         0  stm32f10x_gpio.o ABSOLUTE
    ..\libraries\src\stm32f10x_rcc.c         0x00000000   Number         0  stm32f10x_rcc.o ABSOLUTE
    ..\libraries\src\stm32f10x_tim.c         0x00000000   Number         0  stm32f10x_tim.o ABSOLUTE
    ..\libraries\src\stm32f10x_usart.c       0x00000000   Number         0  stm32f10x_usart.o ABSOLUTE
    ..\stm32\stm32f10x_it.c                  0x00000000   Number         0  stm32f10x_it.o ABSOLUTE
    ..\stm32\system_stm32f10x.c              0x00000000   Number         0  system_stm32f10x.o ABSOLUTE
    ..\ucosii_core\os_core.c                 0x00000000   Number         0  os_core.o ABSOLUTE
    ..\ucosii_core\os_flag.c                 0x00000000   Number         0  os_flag.o ABSOLUTE
    ..\ucosii_core\os_mbox.c                 0x00000000   Number         0  os_mbox.o ABSOLUTE
    ..\ucosii_core\os_mem.c                  0x00000000   Number         0  os_mem.o ABSOLUTE
    ..\ucosii_core\os_mutex.c                0x00000000   Number         0  os_mutex.o ABSOLUTE
    ..\ucosii_core\os_q.c                    0x00000000   Number         0  os_q.o ABSOLUTE
    ..\ucosii_core\os_sem.c                  0x00000000   Number         0  os_sem.o ABSOLUTE
    ..\ucosii_core\os_task.c                 0x00000000   Number         0  os_task.o ABSOLUTE
    ..\ucosii_core\os_time.c                 0x00000000   Number         0  os_time.o ABSOLUTE
    ..\ucosii_core\os_tmr.c                  0x00000000   Number         0  os_tmr.o ABSOLUTE
    ..\ucosii_port\os_cpu_a.asm              0x00000000   Number         0  os_cpu_a.o ABSOLUTE
    ..\ucosii_port\os_cpu_c.c                0x00000000   Number         0  os_cpu_c.o ABSOLUTE
    ..\ucosii_port\os_dbg.c                  0x00000000   Number         0  os_dbg.o ABSOLUTE
    ..\user\main.c                           0x00000000   Number         0  main.o ABSOLUTE
    armcontrol.c                             0x00000000   Number         0  armcontrol.o ABSOLUTE
    dc.s                                     0x00000000   Number         0  dc.o ABSOLUTE
    dma.c                                    0x00000000   Number         0  dma.o ABSOLUTE
    temp.c                                   0x00000000   Number         0  temp.o ABSOLUTE
    RESET                                    0x08000000   Section      236  startup_stm32f10x_md.o(RESET)
    !!!main                                  0x080000ec   Section        8  __main.o(!!!main)
    !!!scatter                               0x080000f4   Section       52  __scatter.o(!!!scatter)
    !!handler_copy                           0x08000128   Section       26  __scatter_copy.o(!!handler_copy)
    !!handler_zi                             0x08000144   Section       28  __scatter_zi.o(!!handler_zi)
    .ARM.Collect$$libinit$$00000000          0x08000160   Section        2  libinit.o(.ARM.Collect$$libinit$$00000000)
    .ARM.Collect$$libinit$$00000002          0x08000162   Section        0  libinit2.o(.ARM.Collect$$libinit$$00000002)
    .ARM.Collect$$libinit$$00000008          0x08000162   Section        0  libinit2.o(.ARM.Collect$$libinit$$00000008)
    .ARM.Collect$$libinit$$0000000A          0x08000162   Section        0  libinit2.o(.ARM.Collect$$libinit$$0000000A)
    .ARM.Collect$$libinit$$0000000C          0x08000162   Section        0  libinit2.o(.ARM.Collect$$libinit$$0000000C)
    .ARM.Collect$$libinit$$0000000F          0x08000162   Section        0  libinit2.o(.ARM.Collect$$libinit$$0000000F)
    .ARM.Collect$$libinit$$00000011          0x08000162   Section        0  libinit2.o(.ARM.Collect$$libinit$$00000011)
    .ARM.Collect$$libinit$$00000013          0x08000162   Section        0  libinit2.o(.ARM.Collect$$libinit$$00000013)
    .ARM.Collect$$libinit$$00000015          0x08000162   Section        0  libinit2.o(.ARM.Collect$$libinit$$00000015)
    .ARM.Collect$$libinit$$00000017          0x08000162   Section        0  libinit2.o(.ARM.Collect$$libinit$$00000017)
    .ARM.Collect$$libinit$$00000019          0x08000162   Section        0  libinit2.o(.ARM.Collect$$libinit$$00000019)
    .ARM.Collect$$libinit$$0000001B          0x08000162   Section        0  libinit2.o(.ARM.Collect$$libinit$$0000001B)
    .ARM.Collect$$libinit$$0000001D          0x08000162   Section        0  libinit2.o(.ARM.Collect$$libinit$$0000001D)
    .ARM.Collect$$libinit$$0000001F          0x08000162   Section        0  libinit2.o(.ARM.Collect$$libinit$$0000001F)
    .ARM.Collect$$libinit$$00000021          0x08000162   Section        0  libinit2.o(.ARM.Collect$$libinit$$00000021)
    .ARM.Collect$$libinit$$00000023          0x08000162   Section        0  libinit2.o(.ARM.Collect$$libinit$$00000023)
    .ARM.Collect$$libinit$$0000002A          0x08000162   Section        0  libinit2.o(.ARM.Collect$$libinit$$0000002A)
    .ARM.Collect$$libinit$$0000002C          0x08000162   Section        0  libinit2.o(.ARM.Collect$$libinit$$0000002C)
    .ARM.Collect$$libinit$$0000002E          0x08000162   Section        0  libinit2.o(.ARM.Collect$$libinit$$0000002E)
    .ARM.Collect$$libinit$$00000030          0x08000162   Section        0  libinit2.o(.ARM.Collect$$libinit$$00000030)
    .ARM.Collect$$libinit$$00000031          0x08000162   Section        2  libinit2.o(.ARM.Collect$$libinit$$00000031)
    .ARM.Collect$$libshutdown$$00000000      0x08000164   Section        2  libshutdown.o(.ARM.Collect$$libshutdown$$00000000)
    .ARM.Collect$$libshutdown$$00000003      0x08000166   Section        0  libshutdown2.o(.ARM.Collect$$libshutdown$$00000003)
    .ARM.Collect$$libshutdown$$00000006      0x08000166   Section        0  libshutdown2.o(.ARM.Collect$$libshutdown$$00000006)
    .ARM.Collect$$libshutdown$$00000009      0x08000166   Section        0  libshutdown2.o(.ARM.Collect$$libshutdown$$00000009)
    .ARM.Collect$$libshutdown$$0000000B      0x08000166   Section        0  libshutdown2.o(.ARM.Collect$$libshutdown$$0000000B)
    .ARM.Collect$$libshutdown$$0000000E      0x08000166   Section        0  libshutdown2.o(.ARM.Collect$$libshutdown$$0000000E)
    .ARM.Collect$$libshutdown$$0000000F      0x08000166   Section        2  libshutdown2.o(.ARM.Collect$$libshutdown$$0000000F)
    .ARM.Collect$$rtentry$$00000000          0x08000168   Section        0  rtentry.o(.ARM.Collect$$rtentry$$00000000)
    .ARM.Collect$$rtentry$$00000002          0x08000168   Section        0  rtentry2.o(.ARM.Collect$$rtentry$$00000002)
    .ARM.Collect$$rtentry$$00000004          0x08000168   Section        6  rtentry4.o(.ARM.Collect$$rtentry$$00000004)
    .ARM.Collect$$rtentry$$00000009          0x0800016e   Section        0  rtentry2.o(.ARM.Collect$$rtentry$$00000009)
    .ARM.Collect$$rtentry$$0000000A          0x0800016e   Section        4  rtentry2.o(.ARM.Collect$$rtentry$$0000000A)
    .ARM.Collect$$rtentry$$0000000C          0x08000172   Section        0  rtentry2.o(.ARM.Collect$$rtentry$$0000000C)
    .ARM.Collect$$rtentry$$0000000D          0x08000172   Section        8  rtentry2.o(.ARM.Collect$$rtentry$$0000000D)
    .ARM.Collect$$rtexit$$00000000           0x0800017a   Section        2  rtexit.o(.ARM.Collect$$rtexit$$00000000)
    .ARM.Collect$$rtexit$$00000002           0x0800017c   Section        0  rtexit2.o(.ARM.Collect$$rtexit$$00000002)
    .ARM.Collect$$rtexit$$00000003           0x0800017c   Section        4  rtexit2.o(.ARM.Collect$$rtexit$$00000003)
    .ARM.Collect$$rtexit$$00000004           0x08000180   Section        6  rtexit2.o(.ARM.Collect$$rtexit$$00000004)
    .text                                    0x08000188   Section        0  main.o(.text)
    .text                                    0x08000254   Section       64  startup_stm32f10x_md.o(.text)
    .text                                    0x08000294   Section        0  stm32f10x_it.o(.text)
    .text                                    0x08000310   Section        0  system_stm32f10x.o(.text)
    SetSysClockTo72                          0x08000311   Thumb Code   214  system_stm32f10x.o(.text)
    SetSysClock                              0x080003e7   Thumb Code     8  system_stm32f10x.o(.text)
    .text                                    0x080004f0   Section        0  stm32f10x_dma.o(.text)
    .text                                    0x08000744   Section        0  stm32f10x_rcc.o(.text)
    .text                                    0x08000ae8   Section        0  stm32f10x_gpio.o(.text)
    .text                                    0x08000e44   Section        0  stm32f10x_usart.o(.text)
    .text                                    0x0800124c   Section        0  stm32f10x_tim.o(.text)
    TI4_Config                               0x080016f3   Thumb Code   130  stm32f10x_tim.o(.text)
    TI3_Config                               0x08001787   Thumb Code   122  stm32f10x_tim.o(.text)
    TI2_Config                               0x0800181b   Thumb Code   130  stm32f10x_tim.o(.text)
    TI1_Config                               0x080018af   Thumb Code   108  stm32f10x_tim.o(.text)
    .text                                    0x08002066   Section        0  delay.o(.text)
    .text                                    0x080020a0   Section        0  gpio.o(.text)
    .text                                    0x08002284   Section        0  pwm.o(.text)
    .text                                    0x08002464   Section        0  armcontrol.o(.text)
    .text                                    0x080026ec   Section        0  dma.o(.text)
    .text                                    0x080027dc   Section        0  os_core.o(.text)
    OS_SchedNew                              0x08002951   Thumb Code    26  os_core.o(.text)
    OS_InitTaskStat                          0x08002de9   Thumb Code    52  os_core.o(.text)
    OS_InitTaskIdle                          0x08002e3d   Thumb Code    52  os_core.o(.text)
    OS_InitEventList                         0x08002e83   Thumb Code    70  os_core.o(.text)
    OS_InitTCBList                           0x08002ec9   Thumb Code    86  os_core.o(.text)
    OS_InitRdyList                           0x08002f1f   Thumb Code    46  os_core.o(.text)
    OS_InitMisc                              0x08002f4d   Thumb Code    44  os_core.o(.text)
    .text                                    0x0800353c   Section        0  os_flag.o(.text)
    OS_FlagTaskRdy                           0x080036cf   Thumb Code    82  os_flag.o(.text)
    OS_FlagBlock                             0x080038f7   Thumb Code   152  os_flag.o(.text)
    .text                                    0x08003df4   Section        0  os_mem.o(.text)
    .text                                    0x0800407c   Section        0  os_q.o(.text)
    .text                                    0x080046e4   Section        0  os_sem.o(.text)
    .text                                    0x08004af4   Section        0  os_task.o(.text)
    .text                                    0x0800537c   Section        0  os_time.o(.text)
    .text                                    0x0800556c   Section        0  os_tmr.o(.text)
    OSTmr_Unlock                             0x0800556d   Thumb Code    12  os_tmr.o(.text)
    OSTmr_Alloc                              0x08005579   Thumb Code    50  os_tmr.o(.text)
    OSTmr_Lock                               0x080055ab   Thumb Code    16  os_tmr.o(.text)
    OSTmr_Free                               0x08005683   Thumb Code    66  os_tmr.o(.text)
    OSTmr_Unlink                             0x080056c5   Thumb Code    62  os_tmr.o(.text)
    OSTmr_Link                               0x0800593d   Thumb Code   130  os_tmr.o(.text)
    OSTmr_Task                               0x08005b27   Thumb Code   112  os_tmr.o(.text)
    OSTmr_InitTask                           0x08005b97   Thumb Code    50  os_tmr.o(.text)
    .text                                    0x08005cc4   Section      164  os_cpu_a.o(.text)
    .text                                    0x08005d68   Section        0  os_cpu_c.o(.text)
    .text                                    0x08005ea4   Section        0  os_dbg.o(.text)
    .text                                    0x08005fb8   Section        0  heapauxi.o(.text)
    .text                                    0x08005fbe   Section       74  sys_stackheap_outer.o(.text)
    .text                                    0x08006008   Section        0  exit.o(.text)
    .text                                    0x08006014   Section        8  libspace.o(.text)
    .text                                    0x0800601c   Section        0  sys_exit.o(.text)
    .text                                    0x08006028   Section        2  use_no_semi.o(.text)
    .constdata                               0x0800602a   Section      256  os_core.o(.constdata)
    .text                                    0x0800602a   Section        0  indicate_semi.o(.text)
    .constdata                               0x0800612c   Section       94  os_dbg.o(.constdata)
    .data                                    0x20000000   Section       20  system_stm32f10x.o(.data)
    .data                                    0x20000014   Section       20  stm32f10x_rcc.o(.data)
    APBAHBPrescTable                         0x20000014   Data          16  stm32f10x_rcc.o(.data)
    ADCPrescTable                            0x20000024   Data           4  stm32f10x_rcc.o(.data)
    .data                                    0x20000028   Section        8  armcontrol.o(.data)
    .data                                    0x20000030   Section       92  os_core.o(.data)
    .data                                    0x2000008c   Section        2  os_cpu_c.o(.data)
    OSTmrCtr                                 0x2000008c   Data           2  os_cpu_c.o(.data)
    .bss                                     0x20000090   Section       36  main.o(.bss)
    .bss                                     0x200000b4   Section      144  armcontrol.o(.bss)
    .bss                                     0x20000144   Section     4952  os_core.o(.bss)
    .bss                                     0x2000149c   Section       96  libspace.o(.bss)
    HEAP                                     0x20001500   Section      512  startup_stm32f10x_md.o(HEAP)
    Heap_Mem                                 0x20001500   Data         512  startup_stm32f10x_md.o(HEAP)
    STACK                                    0x20001700   Section     1024  startup_stm32f10x_md.o(STACK)
    Stack_Mem                                0x20001700   Data        1024  startup_stm32f10x_md.o(STACK)
    __initial_sp                             0x20001b00   Data           0  startup_stm32f10x_md.o(STACK)

    Global Symbols

    Symbol Name                              Value     Ov Type        Size  Object(Section)

    BuildAttributes$$THM_ISAv4$P$D$K$B$S$PE$A:L22UL41UL21$X:L11$S22US41US21$IEEE1$IW$USESV6$~STKCKD$USESV7$~SHL$OSPACE$ROPI$EBA8$UX$STANDARDLIB$REQ8$PRES8$EABIv2 0x00000000   Number         0  anon$$obj.o ABSOLUTE
    __ARM_use_no_argv                        0x00000000   Number         0  main.o ABSOLUTE
    __ARM_exceptions_init                     - Undefined Weak Reference
    __alloca_initialize                       - Undefined Weak Reference
    __cpp_initialize__aeabi_                  - Undefined Weak Reference
    __cxa_finalize                            - Undefined Weak Reference
    __rt_locale                               - Undefined Weak Reference
    __sigvec_lookup                           - Undefined Weak Reference
    _atexit_init                              - Undefined Weak Reference
    _call_atexit_fns                          - Undefined Weak Reference
    _clock_init                               - Undefined Weak Reference
    _fp_trap_init                             - Undefined Weak Reference
    _fp_trap_shutdown                         - Undefined Weak Reference
    _get_lc_collate                           - Undefined Weak Reference
    _get_lc_ctype                             - Undefined Weak Reference
    _get_lc_monetary                          - Undefined Weak Reference
    _get_lc_numeric                           - Undefined Weak Reference
    _get_lc_time                              - Undefined Weak Reference
    _getenv_init                              - Undefined Weak Reference
    _handle_redirection                       - Undefined Weak Reference
    _init_alloc                               - Undefined Weak Reference
    _init_user_alloc                          - Undefined Weak Reference
    _initio                                   - Undefined Weak Reference
    _rand_init                                - Undefined Weak Reference
    _signal_finish                            - Undefined Weak Reference
    _signal_init                              - Undefined Weak Reference
    _terminate_alloc                          - Undefined Weak Reference
    _terminate_user_alloc                     - Undefined Weak Reference
    _terminateio                              - Undefined Weak Reference
    __Vectors_Size                           0x000000ec   Number         0  startup_stm32f10x_md.o ABSOLUTE
    __Vectors                                0x08000000   Data           4  startup_stm32f10x_md.o(RESET)
    __Vectors_End                            0x080000ec   Data           0  startup_stm32f10x_md.o(RESET)
    __main                                   0x080000ed   Thumb Code     8  __main.o(!!!main)
    __scatterload                            0x080000f5   Thumb Code     0  __scatter.o(!!!scatter)
    __scatterload_rt2                        0x080000f5   Thumb Code    44  __scatter.o(!!!scatter)
    __scatterload_rt2_thumb_only             0x080000f5   Thumb Code     0  __scatter.o(!!!scatter)
    __scatterload_null                       0x08000103   Thumb Code     0  __scatter.o(!!!scatter)
    __scatterload_copy                       0x08000129   Thumb Code    26  __scatter_copy.o(!!handler_copy)
    __scatterload_zeroinit                   0x08000145   Thumb Code    28  __scatter_zi.o(!!handler_zi)
    __rt_lib_init                            0x08000161   Thumb Code     0  libinit.o(.ARM.Collect$$libinit$$00000000)
    __rt_lib_init_alloca_1                   0x08000163   Thumb Code     0  libinit2.o(.ARM.Collect$$libinit$$0000002C)
    __rt_lib_init_argv_1                     0x08000163   Thumb Code     0  libinit2.o(.ARM.Collect$$libinit$$0000002A)
    __rt_lib_init_atexit_1                   0x08000163   Thumb Code     0  libinit2.o(.ARM.Collect$$libinit$$00000019)
    __rt_lib_init_clock_1                    0x08000163   Thumb Code     0  libinit2.o(.ARM.Collect$$libinit$$0000001F)
    __rt_lib_init_cpp_1                      0x08000163   Thumb Code     0  libinit2.o(.ARM.Collect$$libinit$$00000030)
    __rt_lib_init_exceptions_1               0x08000163   Thumb Code     0  libinit2.o(.ARM.Collect$$libinit$$0000002E)
    __rt_lib_init_fp_1                       0x08000163   Thumb Code     0  libinit2.o(.ARM.Collect$$libinit$$00000002)
    __rt_lib_init_fp_trap_1                  0x08000163   Thumb Code     0  libinit2.o(.ARM.Collect$$libinit$$0000001D)
    __rt_lib_init_getenv_1                   0x08000163   Thumb Code     0  libinit2.o(.ARM.Collect$$libinit$$00000021)
    __rt_lib_init_heap_1                     0x08000163   Thumb Code     0  libinit2.o(.ARM.Collect$$libinit$$00000008)
    __rt_lib_init_lc_collate_1               0x08000163   Thumb Code     0  libinit2.o(.ARM.Collect$$libinit$$0000000F)
    __rt_lib_init_lc_ctype_1                 0x08000163   Thumb Code     0  libinit2.o(.ARM.Collect$$libinit$$00000011)
    __rt_lib_init_lc_monetary_1              0x08000163   Thumb Code     0  libinit2.o(.ARM.Collect$$libinit$$00000013)
    __rt_lib_init_lc_numeric_1               0x08000163   Thumb Code     0  libinit2.o(.ARM.Collect$$libinit$$00000015)
    __rt_lib_init_lc_time_1                  0x08000163   Thumb Code     0  libinit2.o(.ARM.Collect$$libinit$$00000017)
    __rt_lib_init_rand_1                     0x08000163   Thumb Code     0  libinit2.o(.ARM.Collect$$libinit$$0000000C)
    __rt_lib_init_return                     0x08000163   Thumb Code     0  libinit2.o(.ARM.Collect$$libinit$$00000031)
    __rt_lib_init_signal_1                   0x08000163   Thumb Code     0  libinit2.o(.ARM.Collect$$libinit$$0000001B)
    __rt_lib_init_stdio_1                    0x08000163   Thumb Code     0  libinit2.o(.ARM.Collect$$libinit$$00000023)
    __rt_lib_init_user_alloc_1               0x08000163   Thumb Code     0  libinit2.o(.ARM.Collect$$libinit$$0000000A)
    __rt_lib_shutdown                        0x08000165   Thumb Code     0  libshutdown.o(.ARM.Collect$$libshutdown$$00000000)
    __rt_lib_shutdown_fp_trap_1              0x08000167   Thumb Code     0  libshutdown2.o(.ARM.Collect$$libshutdown$$00000006)
    __rt_lib_shutdown_heap_1                 0x08000167   Thumb Code     0  libshutdown2.o(.ARM.Collect$$libshutdown$$0000000E)
    __rt_lib_shutdown_return                 0x08000167   Thumb Code     0  libshutdown2.o(.ARM.Collect$$libshutdown$$0000000F)
    __rt_lib_shutdown_signal_1               0x08000167   Thumb Code     0  libshutdown2.o(.ARM.Collect$$libshutdown$$00000009)
    __rt_lib_shutdown_stdio_1                0x08000167   Thumb Code     0  libshutdown2.o(.ARM.Collect$$libshutdown$$00000003)
    __rt_lib_shutdown_user_alloc_1           0x08000167   Thumb Code     0  libshutdown2.o(.ARM.Collect$$libshutdown$$0000000B)
    __rt_entry                               0x08000169   Thumb Code     0  rtentry.o(.ARM.Collect$$rtentry$$00000000)
    __rt_entry_presh_1                       0x08000169   Thumb Code     0  rtentry2.o(.ARM.Collect$$rtentry$$00000002)
    __rt_entry_sh                            0x08000169   Thumb Code     0  rtentry4.o(.ARM.Collect$$rtentry$$00000004)
    __rt_entry_li                            0x0800016f   Thumb Code     0  rtentry2.o(.ARM.Collect$$rtentry$$0000000A)
    __rt_entry_postsh_1                      0x0800016f   Thumb Code     0  rtentry2.o(.ARM.Collect$$rtentry$$00000009)
    __rt_entry_main                          0x08000173   Thumb Code     0  rtentry2.o(.ARM.Collect$$rtentry$$0000000D)
    __rt_entry_postli_1                      0x08000173   Thumb Code     0  rtentry2.o(.ARM.Collect$$rtentry$$0000000C)
    __rt_exit                                0x0800017b   Thumb Code     0  rtexit.o(.ARM.Collect$$rtexit$$00000000)
    __rt_exit_ls                             0x0800017d   Thumb Code     0  rtexit2.o(.ARM.Collect$$rtexit$$00000003)
    __rt_exit_prels_1                        0x0800017d   Thumb Code     0  rtexit2.o(.ARM.Collect$$rtexit$$00000002)
    __rt_exit_exit                           0x08000181   Thumb Code     0  rtexit2.o(.ARM.Collect$$rtexit$$00000004)
    main                                     0x08000189   Thumb Code   186  main.o(.text)
    Reset_Handler                            0x08000255   Thumb Code     8  startup_stm32f10x_md.o(.text)
    ADC1_2_IRQHandler                        0x0800026f   Thumb Code     0  startup_stm32f10x_md.o(.text)
    CAN1_RX1_IRQHandler                      0x0800026f   Thumb Code     0  startup_stm32f10x_md.o(.text)
    CAN1_SCE_IRQHandler                      0x0800026f   Thumb Code     0  startup_stm32f10x_md.o(.text)
    DMA1_Channel1_IRQHandler                 0x0800026f   Thumb Code     0  startup_stm32f10x_md.o(.text)
    DMA1_Channel2_IRQHandler                 0x0800026f   Thumb Code     0  startup_stm32f10x_md.o(.text)
    DMA1_Channel3_IRQHandler                 0x0800026f   Thumb Code     0  startup_stm32f10x_md.o(.text)
    DMA1_Channel4_IRQHandler                 0x0800026f   Thumb Code     0  startup_stm32f10x_md.o(.text)
    DMA1_Channel5_IRQHandler                 0x0800026f   Thumb Code     0  startup_stm32f10x_md.o(.text)
    DMA1_Channel6_IRQHandler                 0x0800026f   Thumb Code     0  startup_stm32f10x_md.o(.text)
    DMA1_Channel7_IRQHandler                 0x0800026f   Thumb Code     0  startup_stm32f10x_md.o(.text)
    EXTI0_IRQHandler                         0x0800026f   Thumb Code     0  startup_stm32f10x_md.o(.text)
    EXTI15_10_IRQHandler                     0x0800026f   Thumb Code     0  startup_stm32f10x_md.o(.text)
    EXTI1_IRQHandler                         0x0800026f   Thumb Code     0  startup_stm32f10x_md.o(.text)
    EXTI2_IRQHandler                         0x0800026f   Thumb Code     0  startup_stm32f10x_md.o(.text)
    EXTI3_IRQHandler                         0x0800026f   Thumb Code     0  startup_stm32f10x_md.o(.text)
    EXTI4_IRQHandler                         0x0800026f   Thumb Code     0  startup_stm32f10x_md.o(.text)
    EXTI9_5_IRQHandler                       0x0800026f   Thumb Code     0  startup_stm32f10x_md.o(.text)
    FLASH_IRQHandler                         0x0800026f   Thumb Code     0  startup_stm32f10x_md.o(.text)
    I2C1_ER_IRQHandler                       0x0800026f   Thumb Code     0  startup_stm32f10x_md.o(.text)
    I2C1_EV_IRQHandler                       0x0800026f   Thumb Code     0  startup_stm32f10x_md.o(.text)
    I2C2_ER_IRQHandler                       0x0800026f   Thumb Code     0  startup_stm32f10x_md.o(.text)
    I2C2_EV_IRQHandler                       0x0800026f   Thumb Code     0  startup_stm32f10x_md.o(.text)
    PVD_IRQHandler                           0x0800026f   Thumb Code     0  startup_stm32f10x_md.o(.text)
    RCC_IRQHandler                           0x0800026f   Thumb Code     0  startup_stm32f10x_md.o(.text)
    RTCAlarm_IRQHandler                      0x0800026f   Thumb Code     0  startup_stm32f10x_md.o(.text)
    RTC_IRQHandler                           0x0800026f   Thumb Code     0  startup_stm32f10x_md.o(.text)
    SPI1_IRQHandler                          0x0800026f   Thumb Code     0  startup_stm32f10x_md.o(.text)
    SPI2_IRQHandler                          0x0800026f   Thumb Code     0  startup_stm32f10x_md.o(.text)
    TAMPER_IRQHandler                        0x0800026f   Thumb Code     0  startup_stm32f10x_md.o(.text)
    TIM1_BRK_IRQHandler                      0x0800026f   Thumb Code     0  startup_stm32f10x_md.o(.text)
    TIM1_CC_IRQHandler                       0x0800026f   Thumb Code     0  startup_stm32f10x_md.o(.text)
    TIM1_TRG_COM_IRQHandler                  0x0800026f   Thumb Code     0  startup_stm32f10x_md.o(.text)
    TIM1_UP_IRQHandler                       0x0800026f   Thumb Code     0  startup_stm32f10x_md.o(.text)
    TIM2_IRQHandler                          0x0800026f   Thumb Code     0  startup_stm32f10x_md.o(.text)
    TIM3_IRQHandler                          0x0800026f   Thumb Code     0  startup_stm32f10x_md.o(.text)
    TIM4_IRQHandler                          0x0800026f   Thumb Code     0  startup_stm32f10x_md.o(.text)
    USART2_IRQHandler                        0x0800026f   Thumb Code     0  startup_stm32f10x_md.o(.text)
    USART3_IRQHandler                        0x0800026f   Thumb Code     0  startup_stm32f10x_md.o(.text)
    USBWakeUp_IRQHandler                     0x0800026f   Thumb Code     0  startup_stm32f10x_md.o(.text)
    USB_HP_CAN1_TX_IRQHandler                0x0800026f   Thumb Code     0  startup_stm32f10x_md.o(.text)
    USB_LP_CAN1_RX0_IRQHandler               0x0800026f   Thumb Code     0  startup_stm32f10x_md.o(.text)
    WWDG_IRQHandler                          0x0800026f   Thumb Code     0  startup_stm32f10x_md.o(.text)
    __user_initial_stackheap                 0x08000271   Thumb Code     0  startup_stm32f10x_md.o(.text)
    NMI_Handler                              0x08000295   Thumb Code     2  stm32f10x_it.o(.text)
    HardFault_Handler                        0x08000297   Thumb Code     4  stm32f10x_it.o(.text)
    MemManage_Handler                        0x0800029b   Thumb Code     4  stm32f10x_it.o(.text)
    BusFault_Handler                         0x0800029f   Thumb Code     4  stm32f10x_it.o(.text)
    UsageFault_Handler                       0x080002a3   Thumb Code     4  stm32f10x_it.o(.text)
    SVC_Handler                              0x080002a7   Thumb Code     2  stm32f10x_it.o(.text)
    DebugMon_Handler                         0x080002a9   Thumb Code     2  stm32f10x_it.o(.text)
    OS_CPU_SysTick_Handler                   0x080002ab   Thumb Code    34  stm32f10x_it.o(.text)
    USART1_IRQHandler                        0x080002cd   Thumb Code    60  stm32f10x_it.o(.text)
    SystemInit                               0x080003ef   Thumb Code    78  system_stm32f10x.o(.text)
    SystemCoreClockUpdate                    0x0800043d   Thumb Code   142  system_stm32f10x.o(.text)
    DMA_DeInit                               0x080004f1   Thumb Code   324  stm32f10x_dma.o(.text)
    DMA_Init                                 0x08000635   Thumb Code    60  stm32f10x_dma.o(.text)
    DMA_StructInit                           0x08000671   Thumb Code    26  stm32f10x_dma.o(.text)
    DMA_Cmd                                  0x0800068b   Thumb Code    24  stm32f10x_dma.o(.text)
    DMA_ITConfig                             0x080006a3   Thumb Code    18  stm32f10x_dma.o(.text)
    DMA_SetCurrDataCounter                   0x080006b5   Thumb Code     4  stm32f10x_dma.o(.text)
    DMA_GetCurrDataCounter                   0x080006b9   Thumb Code     8  stm32f10x_dma.o(.text)
    DMA_GetFlagStatus                        0x080006c1   Thumb Code    40  stm32f10x_dma.o(.text)
    DMA_ClearFlag                            0x080006e9   Thumb Code    22  stm32f10x_dma.o(.text)
    DMA_GetITStatus                          0x080006ff   Thumb Code    40  stm32f10x_dma.o(.text)
    DMA_ClearITPendingBit                    0x08000727   Thumb Code    22  stm32f10x_dma.o(.text)
    RCC_DeInit                               0x08000745   Thumb Code    64  stm32f10x_rcc.o(.text)
    RCC_HSEConfig                            0x08000785   Thumb Code    70  stm32f10x_rcc.o(.text)
    RCC_GetFlagStatus                        0x080007cb   Thumb Code    56  stm32f10x_rcc.o(.text)
    RCC_WaitForHSEStartUp                    0x08000803   Thumb Code    56  stm32f10x_rcc.o(.text)
    RCC_AdjustHSICalibrationValue            0x0800083b   Thumb Code    20  stm32f10x_rcc.o(.text)
    RCC_HSICmd                               0x0800084f   Thumb Code     6  stm32f10x_rcc.o(.text)
    RCC_PLLConfig                            0x08000855   Thumb Code    24  stm32f10x_rcc.o(.text)
    RCC_PLLCmd                               0x0800086d   Thumb Code     6  stm32f10x_rcc.o(.text)
    RCC_SYSCLKConfig                         0x08000873   Thumb Code    18  stm32f10x_rcc.o(.text)
    RCC_GetSYSCLKSource                      0x08000885   Thumb Code    10  stm32f10x_rcc.o(.text)
    RCC_HCLKConfig                           0x0800088f   Thumb Code    18  stm32f10x_rcc.o(.text)
    RCC_PCLK1Config                          0x080008a1   Thumb Code    18  stm32f10x_rcc.o(.text)
    RCC_PCLK2Config                          0x080008b3   Thumb Code    20  stm32f10x_rcc.o(.text)
    RCC_ITConfig                             0x080008c7   Thumb Code    26  stm32f10x_rcc.o(.text)
    RCC_USBCLKConfig                         0x080008e1   Thumb Code     8  stm32f10x_rcc.o(.text)
    RCC_ADCCLKConfig                         0x080008e9   Thumb Code    18  stm32f10x_rcc.o(.text)
    RCC_LSEConfig                            0x080008fb   Thumb Code    50  stm32f10x_rcc.o(.text)
    RCC_LSICmd                               0x0800092d   Thumb Code     6  stm32f10x_rcc.o(.text)
    RCC_RTCCLKConfig                         0x08000933   Thumb Code    12  stm32f10x_rcc.o(.text)
    RCC_RTCCLKCmd                            0x0800093f   Thumb Code     8  stm32f10x_rcc.o(.text)
    RCC_GetClocksFreq                        0x08000947   Thumb Code   192  stm32f10x_rcc.o(.text)
    RCC_AHBPeriphClockCmd                    0x08000a07   Thumb Code    26  stm32f10x_rcc.o(.text)
    RCC_APB2PeriphClockCmd                   0x08000a21   Thumb Code    26  stm32f10x_rcc.o(.text)
    RCC_APB1PeriphClockCmd                   0x08000a3b   Thumb Code    26  stm32f10x_rcc.o(.text)
    RCC_APB2PeriphResetCmd                   0x08000a55   Thumb Code    26  stm32f10x_rcc.o(.text)
    RCC_APB1PeriphResetCmd                   0x08000a6f   Thumb Code    26  stm32f10x_rcc.o(.text)
    RCC_BackupResetCmd                       0x08000a89   Thumb Code     8  stm32f10x_rcc.o(.text)
    RCC_ClockSecuritySystemCmd               0x08000a91   Thumb Code     6  stm32f10x_rcc.o(.text)
    RCC_MCOConfig                            0x08000a97   Thumb Code     6  stm32f10x_rcc.o(.text)
    RCC_ClearFlag                            0x08000a9d   Thumb Code    14  stm32f10x_rcc.o(.text)
    RCC_GetITStatus                          0x08000aab   Thumb Code    20  stm32f10x_rcc.o(.text)
    RCC_ClearITPendingBit                    0x08000abf   Thumb Code     6  stm32f10x_rcc.o(.text)
    GPIO_DeInit                              0x08000ae9   Thumb Code   172  stm32f10x_gpio.o(.text)
    GPIO_AFIODeInit                          0x08000b95   Thumb Code    20  stm32f10x_gpio.o(.text)
    GPIO_Init                                0x08000ba9   Thumb Code   278  stm32f10x_gpio.o(.text)
    GPIO_StructInit                          0x08000cbf   Thumb Code    16  stm32f10x_gpio.o(.text)
    GPIO_ReadInputDataBit                    0x08000ccf   Thumb Code    18  stm32f10x_gpio.o(.text)
    GPIO_ReadInputData                       0x08000ce1   Thumb Code     8  stm32f10x_gpio.o(.text)
    GPIO_ReadOutputDataBit                   0x08000ce9   Thumb Code    18  stm32f10x_gpio.o(.text)
    GPIO_ReadOutputData                      0x08000cfb   Thumb Code     8  stm32f10x_gpio.o(.text)
    GPIO_SetBits                             0x08000d03   Thumb Code     4  stm32f10x_gpio.o(.text)
    GPIO_ResetBits                           0x08000d07   Thumb Code     4  stm32f10x_gpio.o(.text)
    GPIO_WriteBit                            0x08000d0b   Thumb Code    10  stm32f10x_gpio.o(.text)
    GPIO_Write                               0x08000d15   Thumb Code     4  stm32f10x_gpio.o(.text)
    GPIO_PinLockConfig                       0x08000d19   Thumb Code    18  stm32f10x_gpio.o(.text)
    GPIO_EventOutputConfig                   0x08000d2b   Thumb Code    26  stm32f10x_gpio.o(.text)
    GPIO_EventOutputCmd                      0x08000d45   Thumb Code     6  stm32f10x_gpio.o(.text)
    GPIO_PinRemapConfig                      0x08000d4b   Thumb Code   138  stm32f10x_gpio.o(.text)
    GPIO_EXTILineConfig                      0x08000dd5   Thumb Code    66  stm32f10x_gpio.o(.text)
    GPIO_ETH_MediaInterfaceConfig            0x08000e17   Thumb Code     8  stm32f10x_gpio.o(.text)
    USART_DeInit                             0x08000e45   Thumb Code   134  stm32f10x_usart.o(.text)
    USART_Init                               0x08000ecb   Thumb Code   210  stm32f10x_usart.o(.text)
    USART_StructInit                         0x08000f9d   Thumb Code    24  stm32f10x_usart.o(.text)
    USART_ClockInit                          0x08000fb5   Thumb Code    34  stm32f10x_usart.o(.text)
    USART_ClockStructInit                    0x08000fd7   Thumb Code    12  stm32f10x_usart.o(.text)
    USART_Cmd                                0x08000fe3   Thumb Code    24  stm32f10x_usart.o(.text)
    USART_ITConfig                           0x08000ffb   Thumb Code    74  stm32f10x_usart.o(.text)
    USART_DMACmd                             0x08001045   Thumb Code    18  stm32f10x_usart.o(.text)
    USART_SetAddress                         0x08001057   Thumb Code    18  stm32f10x_usart.o(.text)
    USART_WakeUpConfig                       0x08001069   Thumb Code    18  stm32f10x_usart.o(.text)
    USART_ReceiverWakeUpCmd                  0x0800107b   Thumb Code    24  stm32f10x_usart.o(.text)
    USART_LINBreakDetectLengthConfig         0x08001093   Thumb Code    18  stm32f10x_usart.o(.text)
    USART_LINCmd                             0x080010a5   Thumb Code    24  stm32f10x_usart.o(.text)
    USART_SendData                           0x080010bd   Thumb Code     8  stm32f10x_usart.o(.text)
    USART_ReceiveData                        0x080010c5   Thumb Code    10  stm32f10x_usart.o(.text)
    USART_SendBreak                          0x080010cf   Thumb Code    10  stm32f10x_usart.o(.text)
    USART_SetGuardTime                       0x080010d9   Thumb Code    16  stm32f10x_usart.o(.text)
    USART_SetPrescaler                       0x080010e9   Thumb Code    16  stm32f10x_usart.o(.text)
    USART_SmartCardCmd                       0x080010f9   Thumb Code    24  stm32f10x_usart.o(.text)
    USART_SmartCardNACKCmd                   0x08001111   Thumb Code    24  stm32f10x_usart.o(.text)
    USART_HalfDuplexCmd                      0x08001129   Thumb Code    24  stm32f10x_usart.o(.text)
    USART_OverSampling8Cmd                   0x08001141   Thumb Code    22  stm32f10x_usart.o(.text)
    USART_OneBitMethodCmd                    0x08001157   Thumb Code    24  stm32f10x_usart.o(.text)
    USART_IrDAConfig                         0x0800116f   Thumb Code    18  stm32f10x_usart.o(.text)
    USART_IrDACmd                            0x08001181   Thumb Code    24  stm32f10x_usart.o(.text)
    USART_GetFlagStatus                      0x08001199   Thumb Code    26  stm32f10x_usart.o(.text)
    USART_ClearFlag                          0x080011b3   Thumb Code    18  stm32f10x_usart.o(.text)
    USART_GetITStatus                        0x080011c5   Thumb Code    84  stm32f10x_usart.o(.text)
    USART_ClearITPendingBit                  0x08001219   Thumb Code    52  stm32f10x_usart.o(.text)
    TIM_DeInit                               0x0800124d   Thumb Code   424  stm32f10x_tim.o(.text)
    TIM_TimeBaseInit                         0x080013f5   Thumb Code   122  stm32f10x_tim.o(.text)
    TIM_OC1Init                              0x0800146f   Thumb Code   132  stm32f10x_tim.o(.text)
    TIM_OC2Init                              0x080014f3   Thumb Code   154  stm32f10x_tim.o(.text)
    TIM_OC3Init                              0x0800158d   Thumb Code   150  stm32f10x_tim.o(.text)
    TIM_OC4Init                              0x08001623   Thumb Code   182  stm32f10x_tim.o(.text)
    TIM_SetIC4Prescaler                      0x080016d9   Thumb Code    26  stm32f10x_tim.o(.text)
    TIM_SetIC3Prescaler                      0x08001775   Thumb Code    18  stm32f10x_tim.o(.text)
    TIM_SetIC2Prescaler                      0x08001801   Thumb Code    26  stm32f10x_tim.o(.text)
    TIM_SetIC1Prescaler                      0x0800189d   Thumb Code    18  stm32f10x_tim.o(.text)
    TIM_ICInit                               0x0800191b   Thumb Code   150  stm32f10x_tim.o(.text)
    TIM_PWMIConfig                           0x080019b1   Thumb Code   124  stm32f10x_tim.o(.text)
    TIM_BDTRConfig                           0x08001a2d   Thumb Code    32  stm32f10x_tim.o(.text)
    TIM_TimeBaseStructInit                   0x08001a4d   Thumb Code    18  stm32f10x_tim.o(.text)
    TIM_OCStructInit                         0x08001a5f   Thumb Code    20  stm32f10x_tim.o(.text)
    TIM_ICStructInit                         0x08001a73   Thumb Code    18  stm32f10x_tim.o(.text)
    TIM_BDTRStructInit                       0x08001a85   Thumb Code    40  stm32f10x_tim.o(.text)
    TIM_Cmd                                  0x08001aad   Thumb Code    24  stm32f10x_tim.o(.text)
    TIM_CtrlPWMOutputs                       0x08001ac5   Thumb Code    30  stm32f10x_tim.o(.text)
    TIM_ITConfig                             0x08001ae3   Thumb Code    18  stm32f10x_tim.o(.text)
    TIM_GenerateEvent                        0x08001af5   Thumb Code     4  stm32f10x_tim.o(.text)
    TIM_DMAConfig                            0x08001af9   Thumb Code    10  stm32f10x_tim.o(.text)
    TIM_DMACmd                               0x08001b03   Thumb Code    18  stm32f10x_tim.o(.text)
    TIM_InternalClockConfig                  0x08001b15   Thumb Code    12  stm32f10x_tim.o(.text)
    TIM_SelectInputTrigger                   0x08001b21   Thumb Code    18  stm32f10x_tim.o(.text)
    TIM_ITRxExternalClockConfig              0x08001b33   Thumb Code    24  stm32f10x_tim.o(.text)
    TIM_TIxExternalClockConfig               0x08001b4b   Thumb Code    62  stm32f10x_tim.o(.text)
    TIM_ETRConfig                            0x08001b89   Thumb Code    28  stm32f10x_tim.o(.text)
    TIM_ETRClockMode1Config                  0x08001ba5   Thumb Code    54  stm32f10x_tim.o(.text)
    TIM_ETRClockMode2Config                  0x08001bdb   Thumb Code    32  stm32f10x_tim.o(.text)
    TIM_PrescalerConfig                      0x08001bfb   Thumb Code     6  stm32f10x_tim.o(.text)
    TIM_CounterModeConfig                    0x08001c01   Thumb Code    18  stm32f10x_tim.o(.text)
    TIM_EncoderInterfaceConfig               0x08001c13   Thumb Code    66  stm32f10x_tim.o(.text)
    TIM_ForcedOC1Config                      0x08001c55   Thumb Code    18  stm32f10x_tim.o(.text)
    TIM_ForcedOC2Config                      0x08001c67   Thumb Code    26  stm32f10x_tim.o(.text)
    TIM_ForcedOC3Config                      0x08001c81   Thumb Code    18  stm32f10x_tim.o(.text)
    TIM_ForcedOC4Config                      0x08001c93   Thumb Code    26  stm32f10x_tim.o(.text)
    TIM_ARRPreloadConfig                     0x08001cad   Thumb Code    24  stm32f10x_tim.o(.text)
    TIM_SelectCOM                            0x08001cc5   Thumb Code    24  stm32f10x_tim.o(.text)
    TIM_SelectCCDMA                          0x08001cdd   Thumb Code    24  stm32f10x_tim.o(.text)
    TIM_CCPreloadControl                     0x08001cf5   Thumb Code    24  stm32f10x_tim.o(.text)
    TIM_OC1PreloadConfig                     0x08001d0d   Thumb Code    18  stm32f10x_tim.o(.text)
    TIM_OC2PreloadConfig                     0x08001d1f   Thumb Code    26  stm32f10x_tim.o(.text)
    TIM_OC3PreloadConfig                     0x08001d39   Thumb Code    18  stm32f10x_tim.o(.text)
    TIM_OC4PreloadConfig                     0x08001d4b   Thumb Code    26  stm32f10x_tim.o(.text)
    TIM_OC1FastConfig                        0x08001d65   Thumb Code    18  stm32f10x_tim.o(.text)
    TIM_OC2FastConfig                        0x08001d77   Thumb Code    26  stm32f10x_tim.o(.text)
    TIM_OC3FastConfig                        0x08001d91   Thumb Code    18  stm32f10x_tim.o(.text)
    TIM_OC4FastConfig                        0x08001da3   Thumb Code    26  stm32f10x_tim.o(.text)
    TIM_ClearOC1Ref                          0x08001dbd   Thumb Code    18  stm32f10x_tim.o(.text)
    TIM_ClearOC2Ref                          0x08001dcf   Thumb Code    24  stm32f10x_tim.o(.text)
    TIM_ClearOC3Ref                          0x08001de7   Thumb Code    18  stm32f10x_tim.o(.text)
    TIM_ClearOC4Ref                          0x08001df9   Thumb Code    24  stm32f10x_tim.o(.text)
    TIM_OC1PolarityConfig                    0x08001e11   Thumb Code    18  stm32f10x_tim.o(.text)
    TIM_OC1NPolarityConfig                   0x08001e23   Thumb Code    18  stm32f10x_tim.o(.text)
    TIM_OC2PolarityConfig                    0x08001e35   Thumb Code    26  stm32f10x_tim.o(.text)
    TIM_OC2NPolarityConfig                   0x08001e4f   Thumb Code    26  stm32f10x_tim.o(.text)
    TIM_OC3PolarityConfig                    0x08001e69   Thumb Code    26  stm32f10x_tim.o(.text)
    TIM_OC3NPolarityConfig                   0x08001e83   Thumb Code    26  stm32f10x_tim.o(.text)
    TIM_OC4PolarityConfig                    0x08001e9d   Thumb Code    26  stm32f10x_tim.o(.text)
    TIM_CCxCmd                               0x08001eb7   Thumb Code    30  stm32f10x_tim.o(.text)
    TIM_CCxNCmd                              0x08001ed5   Thumb Code    30  stm32f10x_tim.o(.text)
    TIM_SelectOCxM                           0x08001ef3   Thumb Code    82  stm32f10x_tim.o(.text)
    TIM_UpdateDisableConfig                  0x08001f45   Thumb Code    24  stm32f10x_tim.o(.text)
    TIM_UpdateRequestConfig                  0x08001f5d   Thumb Code    24  stm32f10x_tim.o(.text)
    TIM_SelectHallSensor                     0x08001f75   Thumb Code    24  stm32f10x_tim.o(.text)
    TIM_SelectOnePulseMode                   0x08001f8d   Thumb Code    18  stm32f10x_tim.o(.text)
    TIM_SelectOutputTrigger                  0x08001f9f   Thumb Code    18  stm32f10x_tim.o(.text)
    TIM_SelectSlaveMode                      0x08001fb1   Thumb Code    18  stm32f10x_tim.o(.text)
    TIM_SelectMasterSlaveMode                0x08001fc3   Thumb Code    18  stm32f10x_tim.o(.text)
    TIM_SetCounter                           0x08001fd5   Thumb Code     4  stm32f10x_tim.o(.text)
    TIM_SetAutoreload                        0x08001fd9   Thumb Code     4  stm32f10x_tim.o(.text)
    TIM_SetCompare1                          0x08001fdd   Thumb Code     4  stm32f10x_tim.o(.text)
    TIM_SetCompare2                          0x08001fe1   Thumb Code     4  stm32f10x_tim.o(.text)
    TIM_SetCompare3                          0x08001fe5   Thumb Code     4  stm32f10x_tim.o(.text)
    TIM_SetCompare4                          0x08001fe9   Thumb Code     6  stm32f10x_tim.o(.text)
    TIM_SetClockDivision                     0x08001fef   Thumb Code    18  stm32f10x_tim.o(.text)
    TIM_GetCapture1                          0x08002001   Thumb Code     6  stm32f10x_tim.o(.text)
    TIM_GetCapture2                          0x08002007   Thumb Code     6  stm32f10x_tim.o(.text)
    TIM_GetCapture3                          0x0800200d   Thumb Code     6  stm32f10x_tim.o(.text)
    TIM_GetCapture4                          0x08002013   Thumb Code     8  stm32f10x_tim.o(.text)
    TIM_GetCounter                           0x0800201b   Thumb Code     6  stm32f10x_tim.o(.text)
    TIM_GetPrescaler                         0x08002021   Thumb Code     6  stm32f10x_tim.o(.text)
    TIM_GetFlagStatus                        0x08002027   Thumb Code    18  stm32f10x_tim.o(.text)
    TIM_ClearFlag                            0x08002039   Thumb Code     6  stm32f10x_tim.o(.text)
    TIM_GetITStatus                          0x0800203f   Thumb Code    34  stm32f10x_tim.o(.text)
    TIM_ClearITPendingBit                    0x08002061   Thumb Code     6  stm32f10x_tim.o(.text)
    delay_ms                                 0x08002067   Thumb Code    56  delay.o(.text)
    BEEP_Init                                0x080020a1   Thumb Code    40  gpio.o(.text)
    BEEP_ON                                  0x080020c9   Thumb Code    14  gpio.o(.text)
    BEEP_OFF                                 0x080020d7   Thumb Code    14  gpio.o(.text)
    LED_Init                                 0x080020e5   Thumb Code   102  gpio.o(.text)
    LED_ON                                   0x0800214b   Thumb Code   130  gpio.o(.text)
    LED_OFF                                  0x080021cd   Thumb Code   130  gpio.o(.text)
    LED_ALL_ON                               0x0800224f   Thumb Code    20  gpio.o(.text)
    LED_ALL_OFF                              0x08002263   Thumb Code    20  gpio.o(.text)
    TIM3_PWM_Init                            0x08002285   Thumb Code   168  pwm.o(.text)
    TIM2_PWM_Init                            0x0800232d   Thumb Code   210  pwm.o(.text)
    joint1_set_PWM                           0x080023ff   Thumb Code    16  pwm.o(.text)
    joint2_set_PWM                           0x0800240f   Thumb Code    16  pwm.o(.text)
    joint3_set_PWM                           0x0800241f   Thumb Code    16  pwm.o(.text)
    joint4_set_PWM                           0x0800242f   Thumb Code    16  pwm.o(.text)
    joint5_set_PWM                           0x0800243f   Thumb Code    14  pwm.o(.text)
    joint6_set_PWM                           0x0800244d   Thumb Code    14  pwm.o(.text)
    getchangeangle                           0x08002465   Thumb Code     6  armcontrol.o(.text)
    discern_number                           0x0800246b   Thumb Code    96  armcontrol.o(.text)
    getangle                                 0x080024cb   Thumb Code    50  armcontrol.o(.text)
    joints_settle_data                       0x080024fd   Thumb Code   202  armcontrol.o(.text)
    joint6_change_control                    0x080025c7   Thumb Code    12  armcontrol.o(.text)
    joint5_change_control                    0x080025d3   Thumb Code    12  armcontrol.o(.text)
    joint4_change_control                    0x080025df   Thumb Code    12  armcontrol.o(.text)
    joint3_change_control                    0x080025eb   Thumb Code    12  armcontrol.o(.text)
    joint2_change_control                    0x080025f7   Thumb Code    12  armcontrol.o(.text)
    joint1_change_control                    0x08002603   Thumb Code    12  armcontrol.o(.text)
    joints_control                           0x0800260f   Thumb Code   188  armcontrol.o(.text)
    joints_change_speed                      0x080026cb   Thumb Code     6  armcontrol.o(.text)
    GPIO_DMA_Config                          0x080026ed   Thumb Code    68  dma.o(.text)
    COM_DMA_Init                             0x08002731   Thumb Code    50  dma.o(.text)
    DMA_Config                               0x08002763   Thumb Code    68  dma.o(.text)
    DMA_getanglefromPC                       0x080027a7   Thumb Code    40  dma.o(.text)
    OS_StrCopy                               0x080027dd   Thumb Code    28  os_core.o(.text)
    OSEventNameGet                           0x080027f9   Thumb Code   126  os_core.o(.text)
    OS_StrLen                                0x08002877   Thumb Code    20  os_core.o(.text)
    OSEventNameSet                           0x0800288b   Thumb Code   140  os_core.o(.text)
    OS_EventTaskRemoveMulti                  0x08002917   Thumb Code    58  os_core.o(.text)
    OS_Sched                                 0x0800296b   Thumb Code    86  os_core.o(.text)
    OS_EventTaskWaitMulti                    0x080029c1   Thumb Code   136  os_core.o(.text)
    OSEventPendMulti                         0x08002a49   Thumb Code   760  os_core.o(.text)
    OS_TaskStatStkChk                        0x08002d41   Thumb Code    54  os_core.o(.text)
    OS_TaskStat                              0x08002d77   Thumb Code   114  os_core.o(.text)
    OS_TaskIdle                              0x08002e1d   Thumb Code    32  os_core.o(.text)
    OS_MemClr                                0x08002e71   Thumb Code    18  os_core.o(.text)
    OSInit                                   0x08002f79   Thumb Code    56  os_core.o(.text)
    OSIntEnter                               0x08002fb1   Thumb Code    28  os_core.o(.text)
    OSIntExit                                0x08002fcd   Thumb Code   252  os_core.o(.text)
    OSSchedLock                              0x080030c9   Thumb Code    50  os_core.o(.text)
    OSSchedUnlock                            0x080030fb   Thumb Code    84  os_core.o(.text)
    OSStart                                  0x0800314f   Thumb Code    48  os_core.o(.text)
    OSStatInit                               0x0800317f   Thumb Code    62  os_core.o(.text)
    OSTimeTick                               0x080031bd   Thumb Code   210  os_core.o(.text)
    OSVersion                                0x0800328f   Thumb Code     6  os_core.o(.text)
    OS_Dummy                                 0x08003295   Thumb Code     2  os_core.o(.text)
    OS_EventTaskRemove                       0x08003297   Thumb Code    42  os_core.o(.text)
    OS_EventTaskRdy                          0x080032c1   Thumb Code   128  os_core.o(.text)
    OS_EventTaskWait                         0x08003341   Thumb Code   112  os_core.o(.text)
    OS_EventWaitListInit                     0x080033b1   Thumb Code    28  os_core.o(.text)
    OS_MemCopy                               0x080033cd   Thumb Code    20  os_core.o(.text)
    OS_TCBInit                               0x080033e1   Thumb Code   340  os_core.o(.text)
    OSFlagAccept                             0x0800353d   Thumb Code   268  os_flag.o(.text)
    OSFlagCreate                             0x08003649   Thumb Code    98  os_flag.o(.text)
    OS_FlagUnlink                            0x080036ab   Thumb Code    36  os_flag.o(.text)
    OSFlagDel                                0x08003721   Thumb Code   240  os_flag.o(.text)
    OSFlagNameGet                            0x08003811   Thumb Code   108  os_flag.o(.text)
    OSFlagNameSet                            0x0800387d   Thumb Code   122  os_flag.o(.text)
    OSFlagPend                               0x0800398f   Thumb Code   628  os_flag.o(.text)
    OSFlagPendGetFlagsRdy                    0x08003c03   Thumb Code    26  os_flag.o(.text)
    OSFlagPost                               0x08003c1d   Thumb Code   326  os_flag.o(.text)
    OSFlagQuery                              0x08003d63   Thumb Code    64  os_flag.o(.text)
    OS_FlagInit                              0x08003da3   Thumb Code    68  os_flag.o(.text)
    OSMemCreate                              0x08003df5   Thumb Code   166  os_mem.o(.text)
    OSMemGet                                 0x08003e9b   Thumb Code    78  os_mem.o(.text)
    OSMemNameGet                             0x08003ee9   Thumb Code    88  os_mem.o(.text)
    OSMemNameSet                             0x08003f41   Thumb Code   104  os_mem.o(.text)
    OSMemPut                                 0x08003fa9   Thumb Code    66  os_mem.o(.text)
    OSMemQuery                               0x08003feb   Thumb Code    64  os_mem.o(.text)
    OS_MemInit                               0x0800402b   Thumb Code    68  os_mem.o(.text)
    OSQAccept                                0x0800407d   Thumb Code   106  os_q.o(.text)
    OSQCreate                                0x080040e7   Thumb Code   150  os_q.o(.text)
    OSQDel                                   0x0800417d   Thumb Code   270  os_q.o(.text)
    OSQFlush                                 0x0800428b   Thumb Code    52  os_q.o(.text)
    OSQPend                                  0x080042bf   Thumb Code   300  os_q.o(.text)
    OSQPendAbort                             0x080043eb   Thumb Code   144  os_q.o(.text)
    OSQPost                                  0x0800447b   Thumb Code   142  os_q.o(.text)
    OSQPostFront                             0x08004509   Thumb Code   122  os_q.o(.text)
    OSQPostOpt                               0x08004583   Thumb Code   188  os_q.o(.text)
    OSQQuery                                 0x0800463f   Thumb Code   112  os_q.o(.text)
    OS_QInit                                 0x080046af   Thumb Code    46  os_q.o(.text)
    OSSemAccept                              0x080046e5   Thumb Code    50  os_sem.o(.text)
    OSSemCreate                              0x08004717   Thumb Code    78  os_sem.o(.text)
    OSSemDel                                 0x08004765   Thumb Code   236  os_sem.o(.text)
    OSSemPend                                0x08004851   Thumb Code   246  os_sem.o(.text)
    OSSemPendAbort                           0x08004947   Thumb Code   144  os_sem.o(.text)
    OSSemPost                                0x080049d7   Thumb Code    94  os_sem.o(.text)
    OSSemQuery                               0x08004a35   Thumb Code    94  os_sem.o(.text)
    OSSemSet                                 0x08004a93   Thumb Code    80  os_sem.o(.text)
    OSTaskChangePrio                         0x08004af5   Thumb Code   418  os_task.o(.text)
    OSTaskCreate                             0x08004c97   Thumb Code   158  os_task.o(.text)
    OS_TaskStkClr                            0x08004d35   Thumb Code    26  os_task.o(.text)
    OSTaskCreateExt                          0x08004d4f   Thumb Code   180  os_task.o(.text)
    OSTaskDel                                0x08004e03   Thumb Code   366  os_task.o(.text)
    OSTaskDelReq                             0x08004f71   Thumb Code   112  os_task.o(.text)
    OSTaskNameGet                            0x08004fe1   Thumb Code   148  os_task.o(.text)
    OSTaskNameSet                            0x08005075   Thumb Code   160  os_task.o(.text)
    OSTaskResume                             0x08005115   Thumb Code   162  os_task.o(.text)
    OSTaskStkChk                             0x080051b7   Thumb Code   150  os_task.o(.text)
    OSTaskSuspend                            0x0800524d   Thumb Code   172  os_task.o(.text)
    OSTaskQuery                              0x080052f9   Thumb Code   130  os_task.o(.text)
    OSTimeDly                                0x0800537d   Thumb Code    96  os_time.o(.text)
    OSTimeDlyHMSM                            0x080053dd   Thumb Code   160  os_time.o(.text)
    OSTimeDlyResume                          0x0800547d   Thumb Code   168  os_time.o(.text)
    OSTimeGet                                0x08005525   Thumb Code    24  os_time.o(.text)
    OSTimeSet                                0x0800553d   Thumb Code    24  os_time.o(.text)
    OSTmrCreate                              0x080055bb   Thumb Code   200  os_tmr.o(.text)
    OSTmrDel                                 0x08005703   Thumb Code   142  os_tmr.o(.text)
    OSTmrNameGet                             0x08005791   Thumb Code   142  os_tmr.o(.text)
    OSTmrRemainGet                           0x0800581f   Thumb Code   182  os_tmr.o(.text)
    OSTmrStateGet                            0x080058d5   Thumb Code   104  os_tmr.o(.text)
    OSTmrStart                               0x080059bf   Thumb Code   146  os_tmr.o(.text)
    OSTmrStop                                0x08005a51   Thumb Code   198  os_tmr.o(.text)
    OSTmrSignal                              0x08005b17   Thumb Code    16  os_tmr.o(.text)
    OSTmr_Init                               0x08005bc9   Thumb Code   162  os_tmr.o(.text)
    OS_CPU_SR_Save                           0x08005cc5   Thumb Code     0  os_cpu_a.o(.text)
    OS_CPU_SR_Restore                        0x08005ccd   Thumb Code     0  os_cpu_a.o(.text)
    OSStartHighRdy                           0x08005cd3   Thumb Code     0  os_cpu_a.o(.text)
    OSCtxSw                                  0x08005cf3   Thumb Code     0  os_cpu_a.o(.text)
    OSIntCtxSw                               0x08005cfd   Thumb Code     0  os_cpu_a.o(.text)
    OS_CPU_PendSVHandler                     0x08005d07   Thumb Code     0  os_cpu_a.o(.text)
    OSInitHookBegin                          0x08005d69   Thumb Code     8  os_cpu_c.o(.text)
    OSInitHookEnd                            0x08005d71   Thumb Code     2  os_cpu_c.o(.text)
    App_TaskCreateHook                       0x08005d73   Thumb Code     2  os_cpu_c.o(.text)
    OSTaskCreateHook                         0x08005d75   Thumb Code    12  os_cpu_c.o(.text)
    App_TaskDelHook                          0x08005d81   Thumb Code     2  os_cpu_c.o(.text)
    OSTaskDelHook                            0x08005d83   Thumb Code    12  os_cpu_c.o(.text)
    App_TaskIdleHook                         0x08005d8f   Thumb Code     2  os_cpu_c.o(.text)
    OSTaskIdleHook                           0x08005d91   Thumb Code     8  os_cpu_c.o(.text)
    App_TaskStatHook                         0x08005d99   Thumb Code     2  os_cpu_c.o(.text)
    OSTaskStatHook                           0x08005d9b   Thumb Code     8  os_cpu_c.o(.text)
    OSTaskStkInit                            0x08005da3   Thumb Code   154  os_cpu_c.o(.text)
    App_TaskSwHook                           0x08005e3d   Thumb Code     2  os_cpu_c.o(.text)
    OSTaskSwHook                             0x08005e3f   Thumb Code     8  os_cpu_c.o(.text)
    App_TCBInitHook                          0x08005e47   Thumb Code     2  os_cpu_c.o(.text)
    OSTCBInitHook                            0x08005e49   Thumb Code    12  os_cpu_c.o(.text)
    App_TimeTickHook                         0x08005e55   Thumb Code     2  os_cpu_c.o(.text)
    OSTimeTickHook                           0x08005e57   Thumb Code    34  os_cpu_c.o(.text)
    OS_CPU_SysTickHandler                    0x08005e79   Thumb Code    34  os_cpu_c.o(.text)
    OSDebugInit                              0x08005ea5   Thumb Code    94  os_dbg.o(.text)
    __use_two_region_memory                  0x08005fb9   Thumb Code     2  heapauxi.o(.text)
    __rt_heap_escrow$2region                 0x08005fbb   Thumb Code     2  heapauxi.o(.text)
    __rt_heap_expand$2region                 0x08005fbd   Thumb Code     2  heapauxi.o(.text)
    __user_setup_stackheap                   0x08005fbf   Thumb Code    74  sys_stackheap_outer.o(.text)
    exit                                     0x08006009   Thumb Code    12  exit.o(.text)
    __user_libspace                          0x08006015   Thumb Code     8  libspace.o(.text)
    __user_perproc_libspace                  0x08006015   Thumb Code     0  libspace.o(.text)
    __user_perthread_libspace                0x08006015   Thumb Code     0  libspace.o(.text)
    _sys_exit                                0x0800601d   Thumb Code     8  sys_exit.o(.text)
    __I$use$semihosting                      0x08006029   Thumb Code     0  use_no_semi.o(.text)
    __use_no_semihosting_swi                 0x08006029   Thumb Code     2  use_no_semi.o(.text)
    OSUnMapTbl                               0x0800602a   Data         256  os_core.o(.constdata)
    __semihosting_library_function           0x0800602b   Thumb Code     0  indicate_semi.o(.text)
    OSDebugEn                                0x0800612c   Data           2  os_dbg.o(.constdata)
    OSEndiannessTest                         0x08006130   Data           4  os_dbg.o(.constdata)
    OSEventMax                               0x08006134   Data           2  os_dbg.o(.constdata)
    OSEventNameSize                          0x08006136   Data           2  os_dbg.o(.constdata)
    OSEventEn                                0x08006138   Data           2  os_dbg.o(.constdata)
    OSEventSize                              0x0800613a   Data           2  os_dbg.o(.constdata)
    OSEventTblSize                           0x0800613c   Data           2  os_dbg.o(.constdata)
    OSFlagEn                                 0x0800613e   Data           2  os_dbg.o(.constdata)
    OSFlagGrpSize                            0x08006140   Data           2  os_dbg.o(.constdata)
    OSFlagNodeSize                           0x08006142   Data           2  os_dbg.o(.constdata)
    OSFlagWidth                              0x08006144   Data           2  os_dbg.o(.constdata)
    OSFlagMax                                0x08006146   Data           2  os_dbg.o(.constdata)
    OSFlagNameSize                           0x08006148   Data           2  os_dbg.o(.constdata)
    OSLowestPrio                             0x0800614a   Data           2  os_dbg.o(.constdata)
    OSMboxEn                                 0x0800614c   Data           2  os_dbg.o(.constdata)
    OSMemEn                                  0x0800614e   Data           2  os_dbg.o(.constdata)
    OSMemMax                                 0x08006150   Data           2  os_dbg.o(.constdata)
    OSMemNameSize                            0x08006152   Data           2  os_dbg.o(.constdata)
    OSMemSize                                0x08006154   Data           2  os_dbg.o(.constdata)
    OSMemTblSize                             0x08006156   Data           2  os_dbg.o(.constdata)
    OSMutexEn                                0x08006158   Data           2  os_dbg.o(.constdata)
    OSPtrSize                                0x0800615a   Data           2  os_dbg.o(.constdata)
    OSQEn                                    0x0800615c   Data           2  os_dbg.o(.constdata)
    OSQMax                                   0x0800615e   Data           2  os_dbg.o(.constdata)
    OSQSize                                  0x08006160   Data           2  os_dbg.o(.constdata)
    OSRdyTblSize                             0x08006162   Data           2  os_dbg.o(.constdata)
    OSSemEn                                  0x08006164   Data           2  os_dbg.o(.constdata)
    OSStkWidth                               0x08006166   Data           2  os_dbg.o(.constdata)
    OSTaskCreateEn                           0x08006168   Data           2  os_dbg.o(.constdata)
    OSTaskCreateExtEn                        0x0800616a   Data           2  os_dbg.o(.constdata)
    OSTaskDelEn                              0x0800616c   Data           2  os_dbg.o(.constdata)
    OSTaskIdleStkSize                        0x0800616e   Data           2  os_dbg.o(.constdata)
    OSTaskProfileEn                          0x08006170   Data           2  os_dbg.o(.constdata)
    OSTaskMax                                0x08006172   Data           2  os_dbg.o(.constdata)
    OSTaskNameSize                           0x08006174   Data           2  os_dbg.o(.constdata)
    OSTaskStatEn                             0x08006176   Data           2  os_dbg.o(.constdata)
    OSTaskStatStkSize                        0x08006178   Data           2  os_dbg.o(.constdata)
    OSTaskStatStkChkEn                       0x0800617a   Data           2  os_dbg.o(.constdata)
    OSTaskSwHookEn                           0x0800617c   Data           2  os_dbg.o(.constdata)
    OSTCBPrioTblMax                          0x0800617e   Data           2  os_dbg.o(.constdata)
    OSTCBSize                                0x08006180   Data           2  os_dbg.o(.constdata)
    OSTicksPerSec                            0x08006182   Data           2  os_dbg.o(.constdata)
    OSTimeTickHookEn                         0x08006184   Data           2  os_dbg.o(.constdata)
    OSVersionNbr                             0x08006186   Data           2  os_dbg.o(.constdata)
    OSDataSize                               0x08006188   Data           2  os_dbg.o(.constdata)
    Region$$Table$$Base                      0x0800618c   Number         0  anon$$obj.o(Region$$Table)
    Region$$Table$$Limit                     0x080061ac   Number         0  anon$$obj.o(Region$$Table)
    SystemCoreClock                          0x20000000   Data           4  system_stm32f10x.o(.data)
    AHBPrescTable                            0x20000004   Data          16  system_stm32f10x.o(.data)
    base_ms                                  0x20000028   Data           8  armcontrol.o(.data)
    OSCtxSwCtr                               0x20000030   Data           4  os_core.o(.data)
    OSEventFreeList                          0x20000034   Data           4  os_core.o(.data)
    OSFlagFreeList                           0x20000038   Data           4  os_core.o(.data)
    OSCPUUsage                               0x2000003c   Data           1  os_core.o(.data)
    OSIdleCtrMax                             0x20000040   Data           4  os_core.o(.data)
    OSIdleCtrRun                             0x20000044   Data           4  os_core.o(.data)
    OSStatRdy                                0x20000048   Data           1  os_core.o(.data)
    OSIntNesting                             0x20000049   Data           1  os_core.o(.data)
    OSLockNesting                            0x2000004a   Data           1  os_core.o(.data)
    OSPrioCur                                0x2000004b   Data           1  os_core.o(.data)
    OSPrioHighRdy                            0x2000004c   Data           1  os_core.o(.data)
    OSRdyGrp                                 0x2000004d   Data           1  os_core.o(.data)
    OSRdyTbl                                 0x2000004e   Data           4  os_core.o(.data)
    OSRunning                                0x20000052   Data           1  os_core.o(.data)
    OSTaskCtr                                0x20000053   Data           1  os_core.o(.data)
    OSIdleCtr                                0x20000054   Data           4  os_core.o(.data)
    OSTCBCur                                 0x20000058   Data           4  os_core.o(.data)
    OSTCBFreeList                            0x2000005c   Data           4  os_core.o(.data)
    OSTCBHighRdy                             0x20000060   Data           4  os_core.o(.data)
    OSTCBList                                0x20000064   Data           4  os_core.o(.data)
    OSTickStepState                          0x20000068   Data           1  os_core.o(.data)
    OSMemFreeList                            0x2000006c   Data           4  os_core.o(.data)
    OSQFreeList                              0x20000070   Data           4  os_core.o(.data)
    OSTime                                   0x20000074   Data           4  os_core.o(.data)
    OSTmrFree                                0x20000078   Data           2  os_core.o(.data)
    OSTmrUsed                                0x2000007a   Data           2  os_core.o(.data)
    OSTmrTime                                0x2000007c   Data           4  os_core.o(.data)
    OSTmrSem                                 0x20000080   Data           4  os_core.o(.data)
    OSTmrSemSignal                           0x20000084   Data           4  os_core.o(.data)
    OSTmrFreeList                            0x20000088   Data           4  os_core.o(.data)
    dma_buffer                               0x20000090   Data          36  main.o(.bss)
    old_angle                                0x200000b4   Data          24  armcontrol.o(.bss)
    old_PWM                                  0x200000cc   Data          24  armcontrol.o(.bss)
    new_angle                                0x200000e4   Data          24  armcontrol.o(.bss)
    new_PWM                                  0x200000fc   Data          24  armcontrol.o(.bss)
    change                                   0x20000114   Data          24  armcontrol.o(.bss)
    changerate                               0x2000012c   Data          24  armcontrol.o(.bss)
    OSEventTbl                               0x20000144   Data         320  os_core.o(.bss)
    OSFlagTbl                                0x20000284   Data         140  os_core.o(.bss)
    OSTaskStatStk                            0x20000310   Data         512  os_core.o(.bss)
    OSTaskIdleStk                            0x20000510   Data         512  os_core.o(.bss)
    OSTCBPrioTbl                             0x20000710   Data         128  os_core.o(.bss)
    OSTCBTbl                                 0x20000790   Data        1656  os_core.o(.bss)
    OSMemTbl                                 0x20000e08   Data         180  os_core.o(.bss)
    OSQTbl                                   0x20000ebc   Data          96  os_core.o(.bss)
    OSTmrTbl                                 0x20000f1c   Data         832  os_core.o(.bss)
    OSTmrTaskStk                             0x2000125c   Data         512  os_core.o(.bss)
    OSTmrWheelTbl                            0x2000145c   Data          64  os_core.o(.bss)
    __libspace_start                         0x2000149c   Data          96  libspace.o(.bss)
    __temporary_stack_top$libspace           0x200014fc   Data           0  libspace.o(.bss)



==============================================================================

Memory Map of the image

  Image Entry point : 0x080000ed

  Load Region LR_IROM1 (Base: 0x08000000, Size: 0x0000623c, Max: 0x00020000, ABSOLUTE)

    Execution Region ER_IROM1 (Base: 0x08000000, Size: 0x000061ac, Max: 0x00020000, ABSOLUTE)

    Base Addr    Size         Type   Attr      Idx    E Section Name        Object

    0x08000000   0x000000ec   Data   RO           89    RESET               startup_stm32f10x_md.o
    0x080000ec   0x00000008   Code   RO          508  * !!!main             c_w.l(__main.o)
    0x080000f4   0x00000034   Code   RO          662    !!!scatter          c_w.l(__scatter.o)
    0x08000128   0x0000001a   Code   RO          664    !!handler_copy      c_w.l(__scatter_copy.o)
    0x08000142   0x00000002   PAD
    0x08000144   0x0000001c   Code   RO          666    !!handler_zi        c_w.l(__scatter_zi.o)
    0x08000160   0x00000002   Code   RO          535    .ARM.Collect$$libinit$$00000000  c_w.l(libinit.o)
    0x08000162   0x00000000   Code   RO          542    .ARM.Collect$$libinit$$00000002  c_w.l(libinit2.o)
    0x08000162   0x00000000   Code   RO          545    .ARM.Collect$$libinit$$00000008  c_w.l(libinit2.o)
    0x08000162   0x00000000   Code   RO          547    .ARM.Collect$$libinit$$0000000A  c_w.l(libinit2.o)
    0x08000162   0x00000000   Code   RO          549    .ARM.Collect$$libinit$$0000000C  c_w.l(libinit2.o)
    0x08000162   0x00000000   Code   RO          552    .ARM.Collect$$libinit$$0000000F  c_w.l(libinit2.o)
    0x08000162   0x00000000   Code   RO          554    .ARM.Collect$$libinit$$00000011  c_w.l(libinit2.o)
    0x08000162   0x00000000   Code   RO          556    .ARM.Collect$$libinit$$00000013  c_w.l(libinit2.o)
    0x08000162   0x00000000   Code   RO          558    .ARM.Collect$$libinit$$00000015  c_w.l(libinit2.o)
    0x08000162   0x00000000   Code   RO          560    .ARM.Collect$$libinit$$00000017  c_w.l(libinit2.o)
    0x08000162   0x00000000   Code   RO          562    .ARM.Collect$$libinit$$00000019  c_w.l(libinit2.o)
    0x08000162   0x00000000   Code   RO          564    .ARM.Collect$$libinit$$0000001B  c_w.l(libinit2.o)
    0x08000162   0x00000000   Code   RO          566    .ARM.Collect$$libinit$$0000001D  c_w.l(libinit2.o)
    0x08000162   0x00000000   Code   RO          568    .ARM.Collect$$libinit$$0000001F  c_w.l(libinit2.o)
    0x08000162   0x00000000   Code   RO          570    .ARM.Collect$$libinit$$00000021  c_w.l(libinit2.o)
    0x08000162   0x00000000   Code   RO          572    .ARM.Collect$$libinit$$00000023  c_w.l(libinit2.o)
    0x08000162   0x00000000   Code   RO          576    .ARM.Collect$$libinit$$0000002A  c_w.l(libinit2.o)
    0x08000162   0x00000000   Code   RO          578    .ARM.Collect$$libinit$$0000002C  c_w.l(libinit2.o)
    0x08000162   0x00000000   Code   RO          580    .ARM.Collect$$libinit$$0000002E  c_w.l(libinit2.o)
    0x08000162   0x00000000   Code   RO          582    .ARM.Collect$$libinit$$00000030  c_w.l(libinit2.o)
    0x08000162   0x00000002   Code   RO          583    .ARM.Collect$$libinit$$00000031  c_w.l(libinit2.o)
    0x08000164   0x00000002   Code   RO          603    .ARM.Collect$$libshutdown$$00000000  c_w.l(libshutdown.o)
    0x08000166   0x00000000   Code   RO          617    .ARM.Collect$$libshutdown$$00000003  c_w.l(libshutdown2.o)
    0x08000166   0x00000000   Code   RO          620    .ARM.Collect$$libshutdown$$00000006  c_w.l(libshutdown2.o)
    0x08000166   0x00000000   Code   RO          623    .ARM.Collect$$libshutdown$$00000009  c_w.l(libshutdown2.o)
    0x08000166   0x00000000   Code   RO          625    .ARM.Collect$$libshutdown$$0000000B  c_w.l(libshutdown2.o)
    0x08000166   0x00000000   Code   RO          628    .ARM.Collect$$libshutdown$$0000000E  c_w.l(libshutdown2.o)
    0x08000166   0x00000002   Code   RO          629    .ARM.Collect$$libshutdown$$0000000F  c_w.l(libshutdown2.o)
    0x08000168   0x00000000   Code   RO          510    .ARM.Collect$$rtentry$$00000000  c_w.l(rtentry.o)
    0x08000168   0x00000000   Code   RO          512    .ARM.Collect$$rtentry$$00000002  c_w.l(rtentry2.o)
    0x08000168   0x00000006   Code   RO          524    .ARM.Collect$$rtentry$$00000004  c_w.l(rtentry4.o)
    0x0800016e   0x00000000   Code   RO          514    .ARM.Collect$$rtentry$$00000009  c_w.l(rtentry2.o)
    0x0800016e   0x00000004   Code   RO          515    .ARM.Collect$$rtentry$$0000000A  c_w.l(rtentry2.o)
    0x08000172   0x00000000   Code   RO          517    .ARM.Collect$$rtentry$$0000000C  c_w.l(rtentry2.o)
    0x08000172   0x00000008   Code   RO          518    .ARM.Collect$$rtentry$$0000000D  c_w.l(rtentry2.o)
    0x0800017a   0x00000002   Code   RO          539    .ARM.Collect$$rtexit$$00000000  c_w.l(rtexit.o)
    0x0800017c   0x00000000   Code   RO          585    .ARM.Collect$$rtexit$$00000002  c_w.l(rtexit2.o)
    0x0800017c   0x00000004   Code   RO          586    .ARM.Collect$$rtexit$$00000003  c_w.l(rtexit2.o)
    0x08000180   0x00000006   Code   RO          587    .ARM.Collect$$rtexit$$00000004  c_w.l(rtexit2.o)
    0x08000186   0x00000002   PAD
    0x08000188   0x000000cc   Code   RO            1    .text               main.o
    0x08000254   0x00000040   Code   RO           90    .text               startup_stm32f10x_md.o
    0x08000294   0x0000007c   Code   RO           95    .text               stm32f10x_it.o
    0x08000310   0x000001e0   Code   RO          110    .text               system_stm32f10x.o
    0x080004f0   0x00000254   Code   RO          128    .text               stm32f10x_dma.o
    0x08000744   0x000003a4   Code   RO          140    .text               stm32f10x_rcc.o
    0x08000ae8   0x0000035c   Code   RO          154    .text               stm32f10x_gpio.o
    0x08000e44   0x00000408   Code   RO          178    .text               stm32f10x_usart.o
    0x0800124c   0x00000e1a   Code   RO          202    .text               stm32f10x_tim.o
    0x08002066   0x00000038   Code   RO          214    .text               delay.o
    0x0800209e   0x00000002   PAD
    0x080020a0   0x000001e4   Code   RO          226    .text               gpio.o
    0x08002284   0x000001e0   Code   RO          263    .text               pwm.o
    0x08002464   0x00000288   Code   RO          275    .text               armcontrol.o
    0x080026ec   0x000000f0   Code   RO          294    .text               dma.o
    0x080027dc   0x00000d60   Code   RO          337    .text               os_core.o
    0x0800353c   0x000008b8   Code   RO          357    .text               os_flag.o
    0x08003df4   0x00000288   Code   RO          381    .text               os_mem.o
    0x0800407c   0x00000668   Code   RO          405    .text               os_q.o
    0x080046e4   0x00000410   Code   RO          417    .text               os_sem.o
    0x08004af4   0x00000886   Code   RO          429    .text               os_task.o
    0x0800537a   0x00000002   PAD
    0x0800537c   0x000001f0   Code   RO          441    .text               os_time.o
    0x0800556c   0x00000758   Code   RO          453    .text               os_tmr.o
    0x08005cc4   0x000000a4   Code   RO          465    .text               os_cpu_a.o
    0x08005d68   0x0000013c   Code   RO          468    .text               os_cpu_c.o
    0x08005ea4   0x00000114   Code   RO          489    .text               os_dbg.o
    0x08005fb8   0x00000006   Code   RO          506    .text               c_w.l(heapauxi.o)
    0x08005fbe   0x0000004a   Code   RO          526    .text               c_w.l(sys_stackheap_outer.o)
    0x08006008   0x0000000c   Code   RO          528    .text               c_w.l(exit.o)
    0x08006014   0x00000008   Code   RO          536    .text               c_w.l(libspace.o)
    0x0800601c   0x0000000c   Code   RO          595    .text               c_w.l(sys_exit.o)
    0x08006028   0x00000002   Code   RO          606    .text               c_w.l(use_no_semi.o)
    0x0800602a   0x00000000   Code   RO          608    .text               c_w.l(indicate_semi.o)
    0x0800602a   0x00000100   Data   RO          339    .constdata          os_core.o
    0x0800612a   0x00000002   PAD
    0x0800612c   0x0000005e   Data   RO          490    .constdata          os_dbg.o
    0x0800618a   0x00000002   PAD
    0x0800618c   0x00000020   Data   RO          660    Region$$Table       anon$$obj.o


    Execution Region RW_IRAM1 (Base: 0x20000000, Size: 0x00001b00, Max: 0x00005000, ABSOLUTE)

    Base Addr    Size         Type   Attr      Idx    E Section Name        Object

    0x20000000   0x00000014   Data   RW          111    .data               system_stm32f10x.o
    0x20000014   0x00000014   Data   RW          141    .data               stm32f10x_rcc.o
    0x20000028   0x00000008   Data   RW          277    .data               armcontrol.o
    0x20000030   0x0000005c   Data   RW          340    .data               os_core.o
    0x2000008c   0x00000002   Data   RW          469    .data               os_cpu_c.o
    0x2000008e   0x00000002   PAD
    0x20000090   0x00000024   Zero   RW            2    .bss                main.o
    0x200000b4   0x00000090   Zero   RW          276    .bss                armcontrol.o
    0x20000144   0x00001358   Zero   RW          338    .bss                os_core.o
    0x2000149c   0x00000060   Zero   RW          537    .bss                c_w.l(libspace.o)
    0x200014fc   0x00000004   PAD
    0x20001500   0x00000200   Zero   RW           88    HEAP                startup_stm32f10x_md.o
    0x20001700   0x00000400   Zero   RW           87    STACK               startup_stm32f10x_md.o


==============================================================================

Image component sizes


      Code (inc. data)   RO Data    RW Data    ZI Data      Debug   Object Name

       648         28          0          8        144       3547   armcontrol.o
        56          0          0          0          0        463   delay.o
       240         14          0          0          0       1029   dma.o
       484         34          0          0          0       1680   gpio.o
       204         18          0          0         36     271147   main.o
      3424        282        256         92       4952      20522   os_core.o
       164         32          0          0          0        312   os_cpu_a.o
       316         10          0          2          0      14743   os_cpu_c.o
       276        182         94          0          0       2845   os_dbg.o
      2232         38          0          0          0       6968   os_flag.o
       648         14          0          0          0       3316   os_mem.o
      1640         30          0          0          0       5681   os_q.o
      1040         18          0          0          0       3954   os_sem.o
      2182         66          0          0          0       7065   os_task.o
       496         24          0          0          0       1862   os_time.o
      1880        120          0          0          0       5913   os_tmr.o
       480         10          0          0          0       2080   pwm.o
        64         26        236          0       1536        828   startup_stm32f10x_md.o
       596          8          0          0          0       4262   stm32f10x_dma.o
       860         38          0          0          0       5581   stm32f10x_gpio.o
       124          8          0          0          0       1420   stm32f10x_it.o
       932         36          0         20          0       8724   stm32f10x_rcc.o
      3610         88          0          0          0      22064   stm32f10x_tim.o
      1032         22          0          0          0       8300   stm32f10x_usart.o
       480         38          0         20          0       1731   system_stm32f10x.o

    ----------------------------------------------------------------------
     24112       1184        622        144       6668     406037   Object Totals
         0          0         32          0          0          0   (incl. Generated)
         4          0          4          2          0          0   (incl. Padding)

    ----------------------------------------------------------------------

      Code (inc. data)   RO Data    RW Data    ZI Data      Debug   Library Member Name

         8          0          0          0          0         68   __main.o
        52          8          0          0          0          0   __scatter.o
        26          0          0          0          0          0   __scatter_copy.o
        28          0          0          0          0          0   __scatter_zi.o
        12          0          0          0          0         72   exit.o
         6          0          0          0          0        152   heapauxi.o
         0          0          0          0          0          0   indicate_semi.o
         2          0          0          0          0          0   libinit.o
         2          0          0          0          0          0   libinit2.o
         2          0          0          0          0          0   libshutdown.o
         2          0          0          0          0          0   libshutdown2.o
         8          4          0          0         96         68   libspace.o
         0          0          0          0          0          0   rtentry.o
        12          0          0          0          0          0   rtentry2.o
         6          0          0          0          0          0   rtentry4.o
         2          0          0          0          0          0   rtexit.o
        10          0          0          0          0          0   rtexit2.o
        12          4          0          0          0         68   sys_exit.o
        74          0          0          0          0         80   sys_stackheap_outer.o
         2          0          0          0          0         68   use_no_semi.o

    ----------------------------------------------------------------------
       270         16          0          0        100        576   Library Totals
         4          0          0          0          4          0   (incl. Padding)

    ----------------------------------------------------------------------

      Code (inc. data)   RO Data    RW Data    ZI Data      Debug   Library Name

       266         16          0          0         96        576   c_w.l

    ----------------------------------------------------------------------
       270         16          0          0        100        576   Library Totals

    ----------------------------------------------------------------------

==============================================================================


      Code (inc. data)   RO Data    RW Data    ZI Data      Debug   

     24382       1200        622        144       6768     404477   Grand Totals
     24382       1200        622        144       6768     404477   ELF Image Totals
     24382       1200        622        144          0          0   ROM Totals

==============================================================================

    Total RO  Size (Code + RO Data)                25004 (  24.42kB)
    Total RW  Size (RW Data + ZI Data)              6912 (   6.75kB)
    Total ROM Size (Code + RO Data + RW Data)      25148 (  24.56kB)

==============================================================================

